Archive member included to satisfy reference by file (symbol)

C:/ST/STM32CubeIDE_1.14.0/STM32CubeIDE/plugins/com.st.stm32cube.ide.mcu.externaltools.gnu-tools-for-stm32.11.3.rel1.win32_1.1.100.202309141235/tools/bin/../lib/gcc/arm-none-eabi/11.3.1/../../../../arm-none-eabi/lib/thumb/v7e-m+fp/hard\libc_nano.a(libc_a-exit.o)
                              C:/ST/STM32CubeIDE_1.14.0/STM32CubeIDE/plugins/com.st.stm32cube.ide.mcu.externaltools.gnu-tools-for-stm32.11.3.rel1.win32_1.1.100.202309141235/tools/bin/../lib/gcc/arm-none-eabi/11.3.1/../../../../arm-none-eabi/lib/thumb/v7e-m+fp/hard/crt0.o (exit)
C:/ST/STM32CubeIDE_1.14.0/STM32CubeIDE/plugins/com.st.stm32cube.ide.mcu.externaltools.gnu-tools-for-stm32.11.3.rel1.win32_1.1.100.202309141235/tools/bin/../lib/gcc/arm-none-eabi/11.3.1/../../../../arm-none-eabi/lib/thumb/v7e-m+fp/hard\libc_nano.a(libc_a-nano-vfprintf_float.o)
                              (_printf_float)
C:/ST/STM32CubeIDE_1.14.0/STM32CubeIDE/plugins/com.st.stm32cube.ide.mcu.externaltools.gnu-tools-for-stm32.11.3.rel1.win32_1.1.100.202309141235/tools/bin/../lib/gcc/arm-none-eabi/11.3.1/../../../../arm-none-eabi/lib/thumb/v7e-m+fp/hard\libc_nano.a(libc_a-nano-vfprintf_i.o)
                              C:/ST/STM32CubeIDE_1.14.0/STM32CubeIDE/plugins/com.st.stm32cube.ide.mcu.externaltools.gnu-tools-for-stm32.11.3.rel1.win32_1.1.100.202309141235/tools/bin/../lib/gcc/arm-none-eabi/11.3.1/../../../../arm-none-eabi/lib/thumb/v7e-m+fp/hard\libc_nano.a(libc_a-nano-vfprintf_float.o) (_printf_common)
C:/ST/STM32CubeIDE_1.14.0/STM32CubeIDE/plugins/com.st.stm32cube.ide.mcu.externaltools.gnu-tools-for-stm32.11.3.rel1.win32_1.1.100.202309141235/tools/bin/../lib/gcc/arm-none-eabi/11.3.1/../../../../arm-none-eabi/lib/thumb/v7e-m+fp/hard\libc_nano.a(libc_a-nano-vfscanf_float.o)
                              (_scanf_float)
C:/ST/STM32CubeIDE_1.14.0/STM32CubeIDE/plugins/com.st.stm32cube.ide.mcu.externaltools.gnu-tools-for-stm32.11.3.rel1.win32_1.1.100.202309141235/tools/bin/../lib/gcc/arm-none-eabi/11.3.1/../../../../arm-none-eabi/lib/thumb/v7e-m+fp/hard\libc_nano.a(libc_a-findfp.o)
                              C:/ST/STM32CubeIDE_1.14.0/STM32CubeIDE/plugins/com.st.stm32cube.ide.mcu.externaltools.gnu-tools-for-stm32.11.3.rel1.win32_1.1.100.202309141235/tools/bin/../lib/gcc/arm-none-eabi/11.3.1/../../../../arm-none-eabi/lib/thumb/v7e-m+fp/hard\libc_nano.a(libc_a-exit.o) (__stdio_exit_handler)
C:/ST/STM32CubeIDE_1.14.0/STM32CubeIDE/plugins/com.st.stm32cube.ide.mcu.externaltools.gnu-tools-for-stm32.11.3.rel1.win32_1.1.100.202309141235/tools/bin/../lib/gcc/arm-none-eabi/11.3.1/../../../../arm-none-eabi/lib/thumb/v7e-m+fp/hard\libc_nano.a(libc_a-fwalk.o)
                              C:/ST/STM32CubeIDE_1.14.0/STM32CubeIDE/plugins/com.st.stm32cube.ide.mcu.externaltools.gnu-tools-for-stm32.11.3.rel1.win32_1.1.100.202309141235/tools/bin/../lib/gcc/arm-none-eabi/11.3.1/../../../../arm-none-eabi/lib/thumb/v7e-m+fp/hard\libc_nano.a(libc_a-findfp.o) (_fwalk_sglue)
C:/ST/STM32CubeIDE_1.14.0/STM32CubeIDE/plugins/com.st.stm32cube.ide.mcu.externaltools.gnu-tools-for-stm32.11.3.rel1.win32_1.1.100.202309141235/tools/bin/../lib/gcc/arm-none-eabi/11.3.1/../../../../arm-none-eabi/lib/thumb/v7e-m+fp/hard\libc_nano.a(libc_a-sprintf.o)
                              ./Core/Src/main.o (sprintf)
C:/ST/STM32CubeIDE_1.14.0/STM32CubeIDE/plugins/com.st.stm32cube.ide.mcu.externaltools.gnu-tools-for-stm32.11.3.rel1.win32_1.1.100.202309141235/tools/bin/../lib/gcc/arm-none-eabi/11.3.1/../../../../arm-none-eabi/lib/thumb/v7e-m+fp/hard\libc_nano.a(libc_a-stdio.o)
                              C:/ST/STM32CubeIDE_1.14.0/STM32CubeIDE/plugins/com.st.stm32cube.ide.mcu.externaltools.gnu-tools-for-stm32.11.3.rel1.win32_1.1.100.202309141235/tools/bin/../lib/gcc/arm-none-eabi/11.3.1/../../../../arm-none-eabi/lib/thumb/v7e-m+fp/hard\libc_nano.a(libc_a-findfp.o) (__sread)
C:/ST/STM32CubeIDE_1.14.0/STM32CubeIDE/plugins/com.st.stm32cube.ide.mcu.externaltools.gnu-tools-for-stm32.11.3.rel1.win32_1.1.100.202309141235/tools/bin/../lib/gcc/arm-none-eabi/11.3.1/../../../../arm-none-eabi/lib/thumb/v7e-m+fp/hard\libc_nano.a(libc_a-memset.o)
                              C:/ST/STM32CubeIDE_1.14.0/STM32CubeIDE/plugins/com.st.stm32cube.ide.mcu.externaltools.gnu-tools-for-stm32.11.3.rel1.win32_1.1.100.202309141235/tools/bin/../lib/gcc/arm-none-eabi/11.3.1/../../../../arm-none-eabi/lib/thumb/v7e-m+fp/hard/crt0.o (memset)
C:/ST/STM32CubeIDE_1.14.0/STM32CubeIDE/plugins/com.st.stm32cube.ide.mcu.externaltools.gnu-tools-for-stm32.11.3.rel1.win32_1.1.100.202309141235/tools/bin/../lib/gcc/arm-none-eabi/11.3.1/../../../../arm-none-eabi/lib/thumb/v7e-m+fp/hard\libc_nano.a(libc_a-localeconv.o)
[...]
Memory Configuration

Name             Origin             Length             Attributes
RAM              0x0000000020000000 0x0000000000018000 xrw
RAM2             0x0000000010000000 0x0000000000008000 xrw
FLASH            0x0000000008000000 0x0000000000100000 xr
*default*        0x0000000000000000 0xffffffffffffffff

Linker script and memory map

LOAD C:/ST/STM32CubeIDE_1.14.0/STM32CubeIDE/plugins/com.st.stm32cube.ide.mcu.externaltools.gnu-tools-for-stm32.11.3.rel1.win32_1.1.100.202309141235/tools/bin/../lib/gcc/arm-none-eabi/11.3.1/thumb/v7e-m+fp/hard/crti.o
LOAD C:/ST/STM32CubeIDE_1.14.0/STM32CubeIDE/plugins/com.st.stm32cube.ide.mcu.externaltools.gnu-tools-for-stm32.11.3.rel1.win32_1.1.100.202309141235/tools/bin/../lib/gcc/arm-none-eabi/11.3.1/thumb/v7e-m+fp/hard/crtbegin.o
LOAD C:/ST/STM32CubeIDE_1.14.0/STM32CubeIDE/plugins/com.st.stm32cube.ide.mcu.externaltools.gnu-tools-for-stm32.11.3.rel1.win32_1.1.100.202309141235/tools/bin/../lib/gcc/arm-none-eabi/11.3.1/../../../../arm-none-eabi/lib/thumb/v7e-m+fp/hard/crt0.o
LOAD ./Core/Src/dma.o
LOAD ./Core/Src/gpio.o
LOAD ./Core/Src/i2c.o
LOAD ./Core/Src/ibus.o
LOAD ./Core/Src/main.o
LOAD ./Core/Src/mpu6050.o
LOAD ./Core/Src/stm32l4xx_hal_msp.o
LOAD ./Core/Src/stm32l4xx_it.o
LOAD ./Core/Src/syscalls.o
LOAD ./Core/Src/sysmem.o
LOAD ./Core/Src/system_stm32l4xx.o
LOAD ./Core/Src/tim.o
LOAD ./Core/Src/usart.o
LOAD ./Core/Src/utils.o
LOAD ./Core/Startup/startup_stm32l476vgtx.o
LOAD ./Drivers/BSP/Components/l3gd20/l3gd20.o
LOAD ./Drivers/BSP/Components/lsm303c/lsm303c.o
LOAD ./Drivers/BSP/STM32L476G-Discovery/stm32l476g_discovery.o
LOAD ./Drivers/BSP/STM32L476G-Discovery/stm32l476g_discovery_compass.o
LOAD ./Drivers/BSP/STM32L476G-Discovery/stm32l476g_discovery_gyroscope.o
LOAD ./Drivers/STM32L4xx_HAL_Driver/Src/stm32l4xx_hal.o
LOAD ./Drivers/STM32L4xx_HAL_Driver/Src/stm32l4xx_hal_cortex.o
LOAD ./Drivers/STM32L4xx_HAL_Driver/Src/stm32l4xx_hal_dma.o
LOAD ./Drivers/STM32L4xx_HAL_Driver/Src/stm32l4xx_hal_dma_ex.o
LOAD ./Drivers/STM32L4xx_HAL_Driver/Src/stm32l4xx_hal_exti.o
LOAD ./Drivers/STM32L4xx_HAL_Driver/Src/stm32l4xx_hal_flash.o
LOAD ./Drivers/STM32L4xx_HAL_Driver/Src/stm32l4xx_hal_flash_ex.o
LOAD ./Drivers/STM32L4xx_HAL_Driver/Src/stm32l4xx_hal_flash_ramfunc.o
LOAD ./Drivers/STM32L4xx_HAL_Driver/Src/stm32l4xx_hal_gpio.o
LOAD ./Drivers/STM32L4xx_HAL_Driver/Src/stm32l4xx_hal_i2c.o
LOAD ./Drivers/STM32L4xx_HAL_Driver/Src/stm32l4xx_hal_i2c_ex.o
LOAD ./Drivers/STM32L4xx_HAL_Driver/Src/stm32l4xx_hal_pcd.o
LOAD ./Drivers/STM32L4xx_HAL_Driver/Src/stm32l4xx_hal_pcd_ex.o
LOAD ./Drivers/STM32L4xx_HAL_Driver/Src/stm32l4xx_hal_pwr.o
LOAD ./Drivers/STM32L4xx_HAL_Driver/Src/stm32l4xx_hal_pwr_ex.o
LOAD ./Drivers/STM32L4xx_HAL_Driver/Src/stm32l4xx_hal_rcc.o
LOAD ./Drivers/STM32L4xx_HAL_Driver/Src/stm32l4xx_hal_rcc_ex.o
LOAD ./Drivers/STM32L4xx_HAL_Driver/Src/stm32l4xx_hal_tim.o
LOAD ./Drivers/STM32L4xx_HAL_Driver/Src/stm32l4xx_hal_tim_ex.o
LOAD ./Drivers/STM32L4xx_HAL_Driver/Src/stm32l4xx_hal_uart.o
LOAD ./Drivers/STM32L4xx_HAL_Driver/Src/stm32l4xx_hal_uart_ex.o
LOAD ./Drivers/STM32L4xx_HAL_Driver/Src/stm32l4xx_ll_usb.o
LOAD ./Middlewares/ST/STM32_USB_Device_Library/Class/CDC/Src/usbd_cdc.o
LOAD ./Middlewares/ST/STM32_USB_Device_Library/Core/Src/usbd_core.o
LOAD ./Middlewares/ST/STM32_USB_Device_Library/Core/Src/usbd_ctlreq.o
LOAD ./Middlewares/ST/STM32_USB_Device_Library/Core/Src/usbd_ioreq.o
LOAD ./USB_DEVICE/App/usb_device.o
LOAD ./USB_DEVICE/App/usbd_cdc_if.o
LOAD ./USB_DEVICE/App/usbd_desc.o
LOAD ./USB_DEVICE/Target/usbd_conf.o
START GROUP
LOAD C:/ST/STM32CubeIDE_1.14.0/STM32CubeIDE/plugins/com.st.stm32cube.ide.mcu.externaltools.gnu-tools-for-stm32.11.3.rel1.win32_1.1.100.202309141235/tools/bin/../lib/gcc/arm-none-eabi/11.3.1/../../../../arm-none-eabi/lib/thumb/v7e-m+fp/hard\libc_nano.a
LOAD C:/ST/STM32CubeIDE_1.14.0/STM32CubeIDE/plugins/com.st.stm32cube.ide.mcu.externaltools.gnu-tools-for-stm32.11.3.rel1.win32_1.1.100.202309141235/tools/bin/../lib/gcc/arm-none-eabi/11.3.1/../../../../arm-none-eabi/lib/thumb/v7e-m+fp/hard\libm.a
END GROUP
START GROUP
LOAD C:/ST/STM32CubeIDE_1.14.0/STM32CubeIDE/plugins/com.st.stm32cube.ide.mcu.externaltools.gnu-tools-for-stm32.11.3.rel1.win32_1.1.100.202309141235/tools/bin/../lib/gcc/arm-none-eabi/11.3.1/thumb/v7e-m+fp/hard\libgcc.a
LOAD C:/ST/STM32CubeIDE_1.14.0/STM32CubeIDE/plugins/com.st.stm32cube.ide.mcu.externaltools.gnu-tools-for-stm32.11.3.rel1.win32_1.1.100.202309141235/tools/bin/../lib/gcc/arm-none-eabi/11.3.1/../../../../arm-none-eabi/lib/thumb/v7e-m+fp/hard\libc_nano.a
END GROUP
START GROUP
LOAD C:/ST/STM32CubeIDE_1.14.0/STM32CubeIDE/plugins/com.st.stm32cube.ide.mcu.externaltools.gnu-tools-for-stm32.11.3.rel1.win32_1.1.100.202309141235/tools/bin/../lib/gcc/arm-none-eabi/11.3.1/thumb/v7e-m+fp/hard\libgcc.a
LOAD C:/ST/STM32CubeIDE_1.14.0/STM32CubeIDE/plugins/com.st.stm32cube.ide.mcu.externaltools.gnu-tools-for-stm32.11.3.rel1.win32_1.1.100.202309141235/tools/bin/../lib/gcc/arm-none-eabi/11.3.1/../../../../arm-none-eabi/lib/thumb/v7e-m+fp/hard\libc_nano.a
LOAD C:/ST/STM32CubeIDE_1.14.0/STM32CubeIDE/plugins/com.st.stm32cube.ide.mcu.externaltools.gnu-tools-for-stm32.11.3.rel1.win32_1.1.100.202309141235/tools/bin/../lib/gcc/arm-none-eabi/11.3.1/../../../../arm-none-eabi/lib/thumb/v7e-m+fp/hard\libnosys.a
END GROUP
START GROUP
LOAD C:/ST/STM32CubeIDE_1.14.0/STM32CubeIDE/plugins/com.st.stm32cube.ide.mcu.externaltools.gnu-tools-for-stm32.11.3.rel1.win32_1.1.100.202309141235/tools/bin/../lib/gcc/arm-none-eabi/11.3.1/thumb/v7e-m+fp/hard\libgcc.a
LOAD C:/ST/STM32CubeIDE_1.14.0/STM32CubeIDE/plugins/com.st.stm32cube.ide.mcu.externaltools.gnu-tools-for-stm32.11.3.rel1.win32_1.1.100.202309141235/tools/bin/../lib/gcc/arm-none-eabi/11.3.1/../../../../arm-none-eabi/lib/thumb/v7e-m+fp/hard\libc_nano.a
LOAD C:/ST/STM32CubeIDE_1.14.0/STM32CubeIDE/plugins/com.st.stm32cube.ide.mcu.externaltools.gnu-tools-for-stm32.11.3.rel1.win32_1.1.100.202309141235/tools/bin/../lib/gcc/arm-none-eabi/11.3.1/../../../../arm-none-eabi/lib/thumb/v7e-m+fp/hard\libnosys.a
END GROUP
LOAD C:/ST/STM32CubeIDE_1.14.0/STM32CubeIDE/plugins/com.st.stm32cube.ide.mcu.externaltools.gnu-tools-for-stm32.11.3.rel1.win32_1.1.100.202309141235/tools/bin/../lib/gcc/arm-none-eabi/11.3.1/thumb/v7e-m+fp/hard/crtend.o
LOAD C:/ST/STM32CubeIDE_1.14.0/STM32CubeIDE/plugins/com.st.stm32cube.ide.mcu.externaltools.gnu-tools-for-stm32.11.3.rel1.win32_1.1.100.202309141235/tools/bin/../lib/gcc/arm-none-eabi/11.3.1/thumb/v7e-m+fp/hard/crtn.o
                0x0000000020018000                _estack = (ORIGIN (RAM) + LENGTH (RAM))
                0x0000000000000200                _Min_Heap_Size = 0x200
                0x0000000000000400                _Min_Stack_Size = 0x400

.isr_vector     0x0000000008000000      0x188
                0x0000000008000000                . = ALIGN (0x4)
 *(.isr_vector)
 .isr_vector    0x0000000008000000      0x188 ./Core/Startup/startup_stm32l476vgtx.o
                0x0000000008000000                g_pfnVectors
                0x0000000008000188                . = ALIGN (0x4)

.text           0x0000000008000190    0x13bb0
                0x0000000008000190                . = ALIGN (0x4)
 *(.text)
 .text          0x0000000008000190       0x40 C:/ST/STM32CubeIDE_1.14.0/STM32CubeIDE/plugins/com.st.stm32cube.ide.mcu.externaltools.gnu-tools-for-stm32.11.3.rel1.win32_1.1.100.202309141235/tools/bin/../lib/gcc/arm-none-eabi/11.3.1/thumb/v7e-m+fp/hard/crtbegin.o
 .text          0x00000000080001d0       0xa0 C:/ST/STM32CubeIDE_1.14.0/STM32CubeIDE/plugins/com.st.stm32cube.ide.mcu.externaltools.gnu-tools-for-stm32.11.3.rel1.win32_1.1.100.202309141235/tools/bin/../lib/gcc/arm-none-eabi/11.3.1/../../../../arm-none-eabi/lib/thumb/v7e-m+fp/hard\libc_nano.a(libc_a-memchr.o)
                0x00000000080001d0                memchr
 .text          0x0000000008000270       0x10 C:/ST/STM32CubeIDE_1.14.0/STM32CubeIDE/plugins/com.st.stm32cube.ide.mcu.externaltools.gnu-tools-for-stm32.11.3.rel1.win32_1.1.100.202309141235/tools/bin/../lib/gcc/arm-none-eabi/11.3.1/../../../../arm-none-eabi/lib/thumb/v7e-m+fp/hard\libc_nano.a(libc_a-strlen.o)
                0x0000000008000270                strlen
 .text          0x0000000008000280      0x378 C:/ST/STM32CubeIDE_1.14.0/STM32CubeIDE/plugins/com.st.stm32cube.ide.mcu.externaltools.gnu-tools-for-stm32.11.3.rel1.win32_1.1.100.202309141235/tools/bin/../lib/gcc/arm-none-eabi/11.3.1/thumb/v7e-m+fp/hard\libgcc.a(_arm_addsubdf3.o)
                0x0000000008000280                __aeabi_drsub
                0x0000000008000288                __aeabi_dsub
                0x0000000008000288                __subdf3
                0x000000000800028c                __aeabi_dadd
                0x000000000800028c                __adddf3
                0x0000000008000504                __floatunsidf
                0x0000000008000504                __aeabi_ui2d
                0x0000000008000524                __floatsidf
                0x0000000008000524                __aeabi_i2d
                0x0000000008000548                __aeabi_f2d
                0x0000000008000548                __extendsfdf2
                0x000000000800058c                __floatundidf
                0x000000000800058c                __aeabi_ul2d
                0x000000000800059c                __floatdidf
                0x000000000800059c                __aeabi_l2d
 .text          0x00000000080005f8      0x424 C:/ST/STM32CubeIDE_1.14.0/STM32CubeIDE/plugins/com.st.stm32cube.ide.mcu.externaltools.gnu-tools-for-stm32.11.3.rel1.win32_1.1.100.202309141235/tools/bin/../lib/gcc/arm-none-eabi/11.3.1/thumb/v7e-m+fp/hard\libgcc.a(_arm_muldivdf3.o)
                0x00000000080005f8                __aeabi_dmul
                0x00000000080005f8                __muldf3
                0x000000000800084c                __divdf3
                0x000000000800084c                __aeabi_ddiv
 .text          0x0000000008000a1c      0x110 C:/ST/STM32CubeIDE_1.14.0/STM32CubeIDE/plugins/com.st.stm32cube.ide.mcu.externaltools.gnu-tools-for-stm32.11.3.rel1.win32_1.1.100.202309141235/tools/bin/../lib/gcc/arm-none-eabi/11.3.1/thumb/v7e-m+fp/hard\libgcc.a(_arm_cmpdf2.o)
                0x0000000008000a1c                __gtdf2
                0x0000000008000a1c                __gedf2
                0x0000000008000a24                __ltdf2
                0x0000000008000a24                __ledf2
                0x0000000008000a2c                __nedf2
                0x0000000008000a2c                __eqdf2
                0x0000000008000a2c                __cmpdf2
                0x0000000008000aa8                __aeabi_cdrcmple
                0x0000000008000ab8                __aeabi_cdcmpeq
                0x0000000008000ab8                __aeabi_cdcmple
                0x0000000008000ac8                __aeabi_dcmpeq
                0x0000000008000adc                __aeabi_dcmplt
                0x0000000008000af0                __aeabi_dcmple
                0x0000000008000b04                __aeabi_dcmpge
                0x0000000008000b18                __aeabi_dcmpgt
 .text          0x0000000008000b2c       0x2c C:/ST/STM32CubeIDE_1.14.0/STM32CubeIDE/plugins/com.st.stm32cube.ide.mcu.externaltools.gnu-tools-for-stm32.11.3.rel1.win32_1.1.100.202309141235/tools/bin/../lib/gcc/arm-none-eabi/11.3.1/thumb/v7e-m+fp/hard\libgcc.a(_arm_unorddf2.o)
                0x0000000008000b2c                __unorddf2
                0x0000000008000b2c                __aeabi_dcmpun
 .text          0x0000000008000b58       0x50 C:/ST/STM32CubeIDE_1.14.0/STM32CubeIDE/plugins/com.st.stm32cube.ide.mcu.externaltools.gnu-tools-for-stm32.11.3.rel1.win32_1.1.100.202309141235/tools/bin/../lib/gcc/arm-none-eabi/11.3.1/thumb/v7e-m+fp/hard\libgcc.a(_arm_fixdfsi.o)
                0x0000000008000b58                __aeabi_d2iz
                0x0000000008000b58                __fixdfsi
 .text          0x0000000008000ba8       0x40 C:/ST/STM32CubeIDE_1.14.0/STM32CubeIDE/plugins/com.st.stm32cube.ide.mcu.externaltools.gnu-tools-for-stm32.11.3.rel1.win32_1.1.100.202309141235/tools/bin/../lib/gcc/arm-none-eabi/11.3.1/thumb/v7e-m+fp/hard\libgcc.a(_arm_fixunsdfsi.o)
                0x0000000008000ba8                __aeabi_d2uiz
                0x0000000008000ba8                __fixunsdfsi
 .text          0x0000000008000be8       0xa0 C:/ST/STM32CubeIDE_1.14.0/STM32CubeIDE/plugins/com.st.stm32cube.ide.mcu.externaltools.gnu-tools-for-stm32.11.3.rel1.win32_1.1.100.202309141235/tools/bin/../lib/gcc/arm-none-eabi/11.3.1/thumb/v7e-m+fp/hard\libgcc.a(_arm_truncdfsf2.o)
                0x0000000008000be8                __truncdfsf2
                0x0000000008000be8                __aeabi_d2f
 .text          0x0000000008000c88       0x30 C:/ST/STM32CubeIDE_1.14.0/STM32CubeIDE/plugins/com.st.stm32cube.ide.mcu.externaltools.gnu-tools-for-stm32.11.3.rel1.win32_1.1.100.202309141235/tools/bin/../lib/gcc/arm-none-eabi/11.3.1/thumb/v7e-m+fp/hard\libgcc.a(_aeabi_uldivmod.o)
                0x0000000008000c88                __aeabi_uldivmod
 .text          0x0000000008000cb8       0x30 C:/ST/STM32CubeIDE_1.14.0/STM32CubeIDE/plugins/com.st.stm32cube.ide.mcu.externaltools.gnu-tools-for-stm32.11.3.rel1.win32_1.1.100.202309141235/tools/bin/../lib/gcc/arm-none-eabi/11.3.1/thumb/v7e-m+fp/hard\libgcc.a(_fixdfdi.o)
                0x0000000008000cb8                __fixdfdi
                0x0000000008000cb8                __aeabi_d2lz
 .text          0x0000000008000ce8       0x3c C:/ST/STM32CubeIDE_1.14.0/STM32CubeIDE/plugins/com.st.stm32cube.ide.mcu.externaltools.gnu-tools-for-stm32.11.3.rel1.win32_1.1.100.202309141235/tools/bin/../lib/gcc/arm-none-eabi/11.3.1/thumb/v7e-m+fp/hard\libgcc.a(_fixunsdfdi.o)
                0x0000000008000ce8                __fixunsdfdi
                0x0000000008000ce8                __aeabi_d2ulz
 .text          0x0000000008000d24      0x2c8 C:/ST/STM32CubeIDE_1.14.0/STM32CubeIDE/plugins/com.st.stm32cube.ide.mcu.externaltools.gnu-tools-for-stm32.11.3.rel1.win32_1.1.100.202309141235/tools/bin/../lib/gcc/arm-none-eabi/11.3.1/thumb/v7e-m+fp/hard\libgcc.a(_udivmoddi4.o)
                0x0000000008000d24                __udivmoddi4
 .text          0x0000000008000fec        0x4 C:/ST/STM32CubeIDE_1.14.0/STM32CubeIDE/plugins/com.st.stm32cube.ide.mcu.externaltools.gnu-tools-for-stm32.11.3.rel1.win32_1.1.100.202309141235/tools/bin/../lib/gcc/arm-none-eabi/11.3.1/thumb/v7e-m+fp/hard\libgcc.a(_dvmd_tls.o)
                0x0000000008000fec                __aeabi_idiv0
                0x0000000008000fec                __aeabi_ldiv0
 *(.text*)
 .text.MX_DMA_Init
                0x0000000008000ff0       0x3c ./Core/Src/dma.o
                0x0000000008000ff0                MX_DMA_Init
 .text.MX_GPIO_Init
                0x000000000800102c      0x180 ./Core/Src/gpio.o
                0x000000000800102c                MX_GPIO_Init
 .text.MX_I2C1_Init
                0x00000000080011ac       0x80 ./Core/Src/i2c.o
                0x00000000080011ac                MX_I2C1_Init
 .text.HAL_I2C_MspInit
                0x000000000800122c       0xbc ./Core/Src/i2c.o
                0x000000000800122c                HAL_I2C_MspInit
 .text.ibus_init
                0x00000000080012e8       0x1c ./Core/Src/ibus.o
                0x00000000080012e8                ibus_init
 .text.ibus_read
                0x0000000008001304       0x40 ./Core/Src/ibus.o
                0x0000000008001304                ibus_read
 .text.ibus_is_valid
                0x0000000008001344       0x30 ./Core/Src/ibus.o
                0x0000000008001344                ibus_is_valid
 .text.ibus_checksum
                0x0000000008001374       0x60 ./Core/Src/ibus.o
                0x0000000008001374                ibus_checksum
 .text.ibus_update
                0x00000000080013d4       0x5c ./Core/Src/ibus.o
                0x00000000080013d4                ibus_update
 .text.ibus_soft_failsafe
                0x0000000008001430       0x78 ./Core/Src/ibus.o
                0x0000000008001430                ibus_soft_failsafe
 .text.ibus_reset_failsafe
                0x00000000080014a8       0x18 ./Core/Src/ibus.o
                0x00000000080014a8                ibus_reset_failsafe
 .text.HAL_UART_RxCpltCallback
                0x00000000080014c0       0x24 ./Core/Src/main.o
                0x00000000080014c0                HAL_UART_RxCpltCallback
 .text.calculate_pid.2
                0x00000000080014e4      0x2ec ./Core/Src/main.o
 .text.main     0x00000000080017d0      0xc60 ./Core/Src/main.o
                0x00000000080017d0                main
 .text.gyro_signalen.1
                0x0000000008002430      0x42c ./Core/Src/main.o
 .text.error_signal.0
                0x000000000800285c       0xb0 ./Core/Src/main.o
 .text.SystemClock_Config
                0x000000000800290c       0xc4 ./Core/Src/main.o
                0x000000000800290c                SystemClock_Config
 .text.Error_Handler
                0x00000000080029d0        0xa ./Core/Src/main.o
                0x00000000080029d0                Error_Handler
 .text.MPU6050_Init
                0x00000000080029da       0xae ./Core/Src/mpu6050.o
                0x00000000080029da                MPU6050_Init
 .text.MPU6050_Read_Gyro
                0x0000000008002a88       0xd0 ./Core/Src/mpu6050.o
                0x0000000008002a88                MPU6050_Read_Gyro
 .text.MPU6050_Read_All
                0x0000000008002b58      0x49c ./Core/Src/mpu6050.o
                0x0000000008002b58                MPU6050_Read_All
 .text.Kalman_getAngle
                0x0000000008002ff4      0x2b6 ./Core/Src/mpu6050.o
                0x0000000008002ff4                Kalman_getAngle
 *fill*         0x00000000080032aa        0x2 
 .text.MPU6050_Calibrate
                0x00000000080032ac      0x14c ./Core/Src/mpu6050.o
                0x00000000080032ac                MPU6050_Calibrate
 .text.HAL_MspInit
                0x00000000080033f8       0x48 ./Core/Src/stm32l4xx_hal_msp.o
                0x00000000080033f8                HAL_MspInit
 .text.NMI_Handler
                0x0000000008003440        0x6 ./Core/Src/stm32l4xx_it.o
                0x0000000008003440                NMI_Handler
 .text.HardFault_Handler
                0x0000000008003446        0x6 ./Core/Src/stm32l4xx_it.o
                0x0000000008003446                HardFault_Handler
 .text.MemManage_Handler
                0x000000000800344c        0x6 ./Core/Src/stm32l4xx_it.o
                0x000000000800344c                MemManage_Handler
 .text.BusFault_Handler
                0x0000000008003452        0x6 ./Core/Src/stm32l4xx_it.o
                0x0000000008003452                BusFault_Handler
 .text.UsageFault_Handler
                0x0000000008003458        0x6 ./Core/Src/stm32l4xx_it.o
                0x0000000008003458                UsageFault_Handler
 .text.SVC_Handler
                0x000000000800345e        0xe ./Core/Src/stm32l4xx_it.o
                0x000000000800345e                SVC_Handler
 .text.DebugMon_Handler
                0x000000000800346c        0xe ./Core/Src/stm32l4xx_it.o
                0x000000000800346c                DebugMon_Handler
 .text.PendSV_Handler
                0x000000000800347a        0xe ./Core/Src/stm32l4xx_it.o
                0x000000000800347a                PendSV_Handler
 .text.SysTick_Handler
                0x0000000008003488        0xc ./Core/Src/stm32l4xx_it.o
                0x0000000008003488                SysTick_Handler
 .text.DMA2_Channel5_IRQHandler
                0x0000000008003494       0x14 ./Core/Src/stm32l4xx_it.o
                0x0000000008003494                DMA2_Channel5_IRQHandler
 .text.OTG_FS_IRQHandler
                0x00000000080034a8       0x14 ./Core/Src/stm32l4xx_it.o
                0x00000000080034a8                OTG_FS_IRQHandler
 .text._getpid  0x00000000080034bc       0x10 ./Core/Src/syscalls.o
                0x00000000080034bc                _getpid
 .text._kill    0x00000000080034cc       0x20 ./Core/Src/syscalls.o
                0x00000000080034cc                _kill
 .text._exit    0x00000000080034ec       0x14 ./Core/Src/syscalls.o
                0x00000000080034ec                _exit
 .text._read    0x0000000008003500       0x3a ./Core/Src/syscalls.o
                0x0000000008003500                _read
 .text._write   0x000000000800353a       0x38 ./Core/Src/syscalls.o
                0x000000000800353a                _write
 .text._close   0x0000000008003572       0x18 ./Core/Src/syscalls.o
                0x0000000008003572                _close
 .text._fstat   0x000000000800358a       0x20 ./Core/Src/syscalls.o
                0x000000000800358a                _fstat
 .text._isatty  0x00000000080035aa       0x16 ./Core/Src/syscalls.o
                0x00000000080035aa                _isatty
 .text._lseek   0x00000000080035c0       0x1a ./Core/Src/syscalls.o
                0x00000000080035c0                _lseek
 *fill*         0x00000000080035da        0x2 
 .text._sbrk    0x00000000080035dc       0x6c ./Core/Src/sysmem.o
                0x00000000080035dc                _sbrk
 .text.SystemInit
                0x0000000008003648       0x24 ./Core/Src/system_stm32l4xx.o
                0x0000000008003648                SystemInit
 .text.MX_TIM2_Init
                0x000000000800366c      0x138 ./Core/Src/tim.o
                0x000000000800366c                MX_TIM2_Init
 .text.MX_TIM3_Init
                0x00000000080037a4       0x9c ./Core/Src/tim.o
                0x00000000080037a4                MX_TIM3_Init
 .text.HAL_TIM_Base_MspInit
                0x0000000008003840       0x64 ./Core/Src/tim.o
                0x0000000008003840                HAL_TIM_Base_MspInit
 .text.HAL_TIM_MspPostInit
                0x00000000080038a4       0xa4 ./Core/Src/tim.o
                0x00000000080038a4                HAL_TIM_MspPostInit
 .text.MX_UART4_Init
                0x0000000008003948       0x60 ./Core/Src/usart.o
                0x0000000008003948                MX_UART4_Init
 .text.MX_USART2_UART_Init
                0x00000000080039a8       0x60 ./Core/Src/usart.o
                0x00000000080039a8                MX_USART2_UART_Init
 .text.HAL_UART_MspInit
                0x0000000008003a08      0x19c ./Core/Src/usart.o
                0x0000000008003a08                HAL_UART_MspInit
 .text.Reset_Handler
                0x0000000008003ba4       0x50 ./Core/Startup/startup_stm32l476vgtx.o
                0x0000000008003ba4                Reset_Handler
 .text.Default_Handler
                0x0000000008003bf4        0x2 ./Core/Startup/startup_stm32l476vgtx.o
                0x0000000008003bf4                RTC_Alarm_IRQHandler
                0x0000000008003bf4                EXTI2_IRQHandler
                0x0000000008003bf4                TIM8_TRG_COM_IRQHandler
                0x0000000008003bf4                TIM8_CC_IRQHandler
                0x0000000008003bf4                TIM1_CC_IRQHandler
                0x0000000008003bf4                TSC_IRQHandler
                0x0000000008003bf4                TAMP_STAMP_IRQHandler
                0x0000000008003bf4                EXTI3_IRQHandler
                0x0000000008003bf4                LPTIM2_IRQHandler
                0x0000000008003bf4                DFSDM1_FLT1_IRQHandler
                0x0000000008003bf4                I2C3_ER_IRQHandler
                0x0000000008003bf4                DFSDM1_FLT2_IRQHandler
                0x0000000008003bf4                EXTI0_IRQHandler
                0x0000000008003bf4                I2C2_EV_IRQHandler
                0x0000000008003bf4                CAN1_RX0_IRQHandler
                0x0000000008003bf4                FPU_IRQHandler
                0x0000000008003bf4                TIM1_UP_TIM16_IRQHandler
                0x0000000008003bf4                ADC1_2_IRQHandler
                0x0000000008003bf4                SPI1_IRQHandler
                0x0000000008003bf4                TIM6_DAC_IRQHandler
                0x0000000008003bf4                TIM8_UP_IRQHandler
                0x0000000008003bf4                DMA2_Channel2_IRQHandler
                0x0000000008003bf4                DMA1_Channel4_IRQHandler
                0x0000000008003bf4                SAI2_IRQHandler
                0x0000000008003bf4                DFSDM1_FLT3_IRQHandler
                0x0000000008003bf4                USART3_IRQHandler
                0x0000000008003bf4                DMA1_Channel7_IRQHandler
                0x0000000008003bf4                CAN1_RX1_IRQHandler
                0x0000000008003bf4                LCD_IRQHandler
                0x0000000008003bf4                UART5_IRQHandler
                0x0000000008003bf4                ADC3_IRQHandler
                0x0000000008003bf4                TIM4_IRQHandler
                0x0000000008003bf4                DMA2_Channel1_IRQHandler
                0x0000000008003bf4                QUADSPI_IRQHandler
                0x0000000008003bf4                I2C1_EV_IRQHandler
                0x0000000008003bf4                DMA1_Channel6_IRQHandler
                0x0000000008003bf4                UART4_IRQHandler
                0x0000000008003bf4                DMA2_Channel4_IRQHandler
                0x0000000008003bf4                TIM3_IRQHandler
                0x0000000008003bf4                RCC_IRQHandler
                0x0000000008003bf4                DMA1_Channel1_IRQHandler
                0x0000000008003bf4                Default_Handler
                0x0000000008003bf4                DMA2_Channel7_IRQHandler
                0x0000000008003bf4                EXTI15_10_IRQHandler
                0x0000000008003bf4                TIM7_IRQHandler
                0x0000000008003bf4                SDMMC1_IRQHandler
                0x0000000008003bf4                TIM5_IRQHandler
                0x0000000008003bf4                I2C3_EV_IRQHandler
                0x0000000008003bf4                EXTI9_5_IRQHandler
                0x0000000008003bf4                RTC_WKUP_IRQHandler
                0x0000000008003bf4                PVD_PVM_IRQHandler
                0x0000000008003bf4                SPI2_IRQHandler
                0x0000000008003bf4                CAN1_TX_IRQHandler
                0x0000000008003bf4                DMA1_Channel5_IRQHandler
                0x0000000008003bf4                EXTI4_IRQHandler
                0x0000000008003bf4                RNG_IRQHandler
                0x0000000008003bf4                TIM1_TRG_COM_TIM17_IRQHandler
                0x0000000008003bf4                DMA1_Channel3_IRQHandler
                0x0000000008003bf4                COMP_IRQHandler
                0x0000000008003bf4                WWDG_IRQHandler
                0x0000000008003bf4                LPUART1_IRQHandler
                0x0000000008003bf4                DMA2_Channel6_IRQHandler
                0x0000000008003bf4                TIM2_IRQHandler
                0x0000000008003bf4                EXTI1_IRQHandler
                0x0000000008003bf4                USART2_IRQHandler
                0x0000000008003bf4                DFSDM1_FLT0_IRQHandler
                0x0000000008003bf4                I2C2_ER_IRQHandler
                0x0000000008003bf4                DMA1_Channel2_IRQHandler
                0x0000000008003bf4                TIM8_BRK_IRQHandler
                0x0000000008003bf4                CAN1_SCE_IRQHandler
                0x0000000008003bf4                FLASH_IRQHandler
                0x0000000008003bf4                USART1_IRQHandler
                0x0000000008003bf4                SPI3_IRQHandler
                0x0000000008003bf4                I2C1_ER_IRQHandler
                0x0000000008003bf4                FMC_IRQHandler
                0x0000000008003bf4                SWPMI1_IRQHandler
                0x0000000008003bf4                LPTIM1_IRQHandler
                0x0000000008003bf4                SAI1_IRQHandler
                0x0000000008003bf4                DMA2_Channel3_IRQHandler
                0x0000000008003bf4                TIM1_BRK_TIM15_IRQHandler
 *fill*         0x0000000008003bf6        0x2 
 .text.HAL_Init
                0x0000000008003bf8       0x40 ./Drivers/STM32L4xx_HAL_Driver/Src/stm32l4xx_hal.o
                0x0000000008003bf8                HAL_Init
 .text.HAL_InitTick
                0x0000000008003c38       0x78 ./Drivers/STM32L4xx_HAL_Driver/Src/stm32l4xx_hal.o
                0x0000000008003c38                HAL_InitTick
 .text.HAL_IncTick
                0x0000000008003cb0       0x28 ./Drivers/STM32L4xx_HAL_Driver/Src/stm32l4xx_hal.o
                0x0000000008003cb0                HAL_IncTick
 .text.HAL_GetTick
                0x0000000008003cd8       0x18 ./Drivers/STM32L4xx_HAL_Driver/Src/stm32l4xx_hal.o
                0x0000000008003cd8                HAL_GetTick
 .text.HAL_Delay
                0x0000000008003cf0       0x48 ./Drivers/STM32L4xx_HAL_Driver/Src/stm32l4xx_hal.o
                0x0000000008003cf0                HAL_Delay
 .text.__NVIC_SetPriorityGrouping
                0x0000000008003d38       0x48 ./Drivers/STM32L4xx_HAL_Driver/Src/stm32l4xx_hal_cortex.o
 .text.__NVIC_GetPriorityGrouping
                0x0000000008003d80       0x1c ./Drivers/STM32L4xx_HAL_Driver/Src/stm32l4xx_hal_cortex.o
 .text.__NVIC_EnableIRQ
                0x0000000008003d9c       0x3c ./Drivers/STM32L4xx_HAL_Driver/Src/stm32l4xx_hal_cortex.o
 .text.__NVIC_SetPriority
                0x0000000008003dd8       0x54 ./Drivers/STM32L4xx_HAL_Driver/Src/stm32l4xx_hal_cortex.o
 .text.NVIC_EncodePriority
                0x0000000008003e2c       0x66 ./Drivers/STM32L4xx_HAL_Driver/Src/stm32l4xx_hal_cortex.o
 *fill*         0x0000000008003e92        0x2 
 .text.SysTick_Config
                0x0000000008003e94       0x44 ./Drivers/STM32L4xx_HAL_Driver/Src/stm32l4xx_hal_cortex.o
 .text.HAL_NVIC_SetPriorityGrouping
                0x0000000008003ed8       0x16 ./Drivers/STM32L4xx_HAL_Driver/Src/stm32l4xx_hal_cortex.o
                0x0000000008003ed8                HAL_NVIC_SetPriorityGrouping
 .text.HAL_NVIC_SetPriority
                0x0000000008003eee       0x38 ./Drivers/STM32L4xx_HAL_Driver/Src/stm32l4xx_hal_cortex.o
                0x0000000008003eee                HAL_NVIC_SetPriority
 .text.HAL_NVIC_EnableIRQ
                0x0000000008003f26       0x1c ./Drivers/STM32L4xx_HAL_Driver/Src/stm32l4xx_hal_cortex.o
                0x0000000008003f26                HAL_NVIC_EnableIRQ
 .text.HAL_SYSTICK_Config
                0x0000000008003f42       0x18 ./Drivers/STM32L4xx_HAL_Driver/Src/stm32l4xx_hal_cortex.o
                0x0000000008003f42                HAL_SYSTICK_Config
 *fill*         0x0000000008003f5a        0x2 
 .text.HAL_DMA_Init
                0x0000000008003f5c      0x170 ./Drivers/STM32L4xx_HAL_Driver/Src/stm32l4xx_hal_dma.o
                0x0000000008003f5c                HAL_DMA_Init
 .text.HAL_DMA_Start_IT
                0x00000000080040cc       0xc0 ./Drivers/STM32L4xx_HAL_Driver/Src/stm32l4xx_hal_dma.o
                0x00000000080040cc                HAL_DMA_Start_IT
 .text.HAL_DMA_IRQHandler
                0x000000000800418c      0x15e ./Drivers/STM32L4xx_HAL_Driver/Src/stm32l4xx_hal_dma.o
                0x000000000800418c                HAL_DMA_IRQHandler
 .text.DMA_SetConfig
                0x00000000080042ea       0x60 ./Drivers/STM32L4xx_HAL_Driver/Src/stm32l4xx_hal_dma.o
 *fill*         0x000000000800434a        0x2 
 .text.HAL_GPIO_Init
                0x000000000800434c      0x354 ./Drivers/STM32L4xx_HAL_Driver/Src/stm32l4xx_hal_gpio.o
                0x000000000800434c                HAL_GPIO_Init
 .text.HAL_GPIO_WritePin
                0x00000000080046a0       0x30 ./Drivers/STM32L4xx_HAL_Driver/Src/stm32l4xx_hal_gpio.o
                0x00000000080046a0                HAL_GPIO_WritePin
 .text.HAL_I2C_Init
                0x00000000080046d0      0x136 ./Drivers/STM32L4xx_HAL_Driver/Src/stm32l4xx_hal_i2c.o
                0x00000000080046d0                HAL_I2C_Init
 *fill*         0x0000000008004806        0x2 
 .text.HAL_I2C_Mem_Write
                0x0000000008004808      0x228 ./Drivers/STM32L4xx_HAL_Driver/Src/stm32l4xx_hal_i2c.o
                0x0000000008004808                HAL_I2C_Mem_Write
 .text.HAL_I2C_Mem_Read
                0x0000000008004a30      0x234 ./Drivers/STM32L4xx_HAL_Driver/Src/stm32l4xx_hal_i2c.o
                0x0000000008004a30                HAL_I2C_Mem_Read
 .text.I2C_RequestMemoryWrite
                0x0000000008004c64       0xa8 ./Drivers/STM32L4xx_HAL_Driver/Src/stm32l4xx_hal_i2c.o
 .text.I2C_RequestMemoryRead
                0x0000000008004d0c       0xa8 ./Drivers/STM32L4xx_HAL_Driver/Src/stm32l4xx_hal_i2c.o
 .text.I2C_Flush_TXDR
                0x0000000008004db4       0x48 ./Drivers/STM32L4xx_HAL_Driver/Src/stm32l4xx_hal_i2c.o
 .text.I2C_WaitOnFlagUntilTimeout
                0x0000000008004dfc       0x9e ./Drivers/STM32L4xx_HAL_Driver/Src/stm32l4xx_hal_i2c.o
 .text.I2C_WaitOnTXISFlagUntilTimeout
                0x0000000008004e9a       0x8e ./Drivers/STM32L4xx_HAL_Driver/Src/stm32l4xx_hal_i2c.o
 .text.I2C_WaitOnSTOPFlagUntilTimeout
                0x0000000008004f28       0x86 ./Drivers/STM32L4xx_HAL_Driver/Src/stm32l4xx_hal_i2c.o
 *fill*         0x0000000008004fae        0x2 
 .text.I2C_IsErrorOccurred
                0x0000000008004fb0      0x1c0 ./Drivers/STM32L4xx_HAL_Driver/Src/stm32l4xx_hal_i2c.o
 .text.I2C_TransferConfig
                0x0000000008005170       0x64 ./Drivers/STM32L4xx_HAL_Driver/Src/stm32l4xx_hal_i2c.o
 .text.HAL_I2CEx_ConfigAnalogFilter
                0x00000000080051d4       0x96 ./Drivers/STM32L4xx_HAL_Driver/Src/stm32l4xx_hal_i2c_ex.o
                0x00000000080051d4                HAL_I2CEx_ConfigAnalogFilter
 .text.HAL_I2CEx_ConfigDigitalFilter
                0x000000000800526a       0x98 ./Drivers/STM32L4xx_HAL_Driver/Src/stm32l4xx_hal_i2c_ex.o
                0x000000000800526a                HAL_I2CEx_ConfigDigitalFilter
 .text.HAL_PCD_Init
                0x0000000008005302      0x248 ./Drivers/STM32L4xx_HAL_Driver/Src/stm32l4xx_hal_pcd.o
                0x0000000008005302                HAL_PCD_Init
 .text.HAL_PCD_Start
                0x000000000800554a       0x5e ./Drivers/STM32L4xx_HAL_Driver/Src/stm32l4xx_hal_pcd.o
                0x000000000800554a                HAL_PCD_Start
 .text.HAL_PCD_IRQHandler
                0x00000000080055a8      0x926 ./Drivers/STM32L4xx_HAL_Driver/Src/stm32l4xx_hal_pcd.o
                0x00000000080055a8                HAL_PCD_IRQHandler
 .text.HAL_PCD_SetAddress
                0x0000000008005ece       0x4a ./Drivers/STM32L4xx_HAL_Driver/Src/stm32l4xx_hal_pcd.o
                0x0000000008005ece                HAL_PCD_SetAddress
 .text.HAL_PCD_EP_Open
                0x0000000008005f18       0xd0 ./Drivers/STM32L4xx_HAL_Driver/Src/stm32l4xx_hal_pcd.o
                0x0000000008005f18                HAL_PCD_EP_Open
 .text.HAL_PCD_EP_Close
                0x0000000008005fe8       0x94 ./Drivers/STM32L4xx_HAL_Driver/Src/stm32l4xx_hal_pcd.o
                0x0000000008005fe8                HAL_PCD_EP_Close
 .text.HAL_PCD_EP_Receive
                0x000000000800607c       0x64 ./Drivers/STM32L4xx_HAL_Driver/Src/stm32l4xx_hal_pcd.o
                0x000000000800607c                HAL_PCD_EP_Receive
 .text.HAL_PCD_EP_GetRxCount
                0x00000000080060e0       0x30 ./Drivers/STM32L4xx_HAL_Driver/Src/stm32l4xx_hal_pcd.o
                0x00000000080060e0                HAL_PCD_EP_GetRxCount
 .text.HAL_PCD_EP_Transmit
                0x0000000008006110       0x62 ./Drivers/STM32L4xx_HAL_Driver/Src/stm32l4xx_hal_pcd.o
                0x0000000008006110                HAL_PCD_EP_Transmit
 .text.HAL_PCD_EP_SetStall
                0x0000000008006172       0xc4 ./Drivers/STM32L4xx_HAL_Driver/Src/stm32l4xx_hal_pcd.o
                0x0000000008006172                HAL_PCD_EP_SetStall
 .text.HAL_PCD_EP_ClrStall
                0x0000000008006236       0xac ./Drivers/STM32L4xx_HAL_Driver/Src/stm32l4xx_hal_pcd.o
                0x0000000008006236                HAL_PCD_EP_ClrStall
 .text.HAL_PCD_EP_Abort
                0x00000000080062e2       0x62 ./Drivers/STM32L4xx_HAL_Driver/Src/stm32l4xx_hal_pcd.o
                0x00000000080062e2                HAL_PCD_EP_Abort
 .text.PCD_WriteEmptyTxFifo
                0x0000000008006344      0x110 ./Drivers/STM32L4xx_HAL_Driver/Src/stm32l4xx_hal_pcd.o
 .text.PCD_EP_OutXfrComplete_int
                0x0000000008006454       0x9c ./Drivers/STM32L4xx_HAL_Driver/Src/stm32l4xx_hal_pcd.o
 .text.PCD_EP_OutSetupPacket_int
                0x00000000080064f0       0x68 ./Drivers/STM32L4xx_HAL_Driver/Src/stm32l4xx_hal_pcd.o
 .text.HAL_PCDEx_SetTxFiFo
                0x0000000008006558       0x8e ./Drivers/STM32L4xx_HAL_Driver/Src/stm32l4xx_hal_pcd_ex.o
                0x0000000008006558                HAL_PCDEx_SetTxFiFo
 .text.HAL_PCDEx_SetRxFiFo
                0x00000000080065e6       0x22 ./Drivers/STM32L4xx_HAL_Driver/Src/stm32l4xx_hal_pcd_ex.o
                0x00000000080065e6                HAL_PCDEx_SetRxFiFo
 .text.HAL_PCDEx_ActivateLPM
                0x0000000008006608       0x48 ./Drivers/STM32L4xx_HAL_Driver/Src/stm32l4xx_hal_pcd_ex.o
                0x0000000008006608                HAL_PCDEx_ActivateLPM
 .text.HAL_PWR_EnableBkUpAccess
                0x0000000008006650       0x20 ./Drivers/STM32L4xx_HAL_Driver/Src/stm32l4xx_hal_pwr.o
                0x0000000008006650                HAL_PWR_EnableBkUpAccess
 .text.HAL_PWREx_GetVoltageRange
                0x0000000008006670       0x1c ./Drivers/STM32L4xx_HAL_Driver/Src/stm32l4xx_hal_pwr_ex.o
                0x0000000008006670                HAL_PWREx_GetVoltageRange
 .text.HAL_PWREx_ControlVoltageScaling
                0x000000000800668c       0xac ./Drivers/STM32L4xx_HAL_Driver/Src/stm32l4xx_hal_pwr_ex.o
                0x000000000800668c                HAL_PWREx_ControlVoltageScaling
 .text.HAL_PWREx_EnableVddUSB
                0x0000000008006738       0x20 ./Drivers/STM32L4xx_HAL_Driver/Src/stm32l4xx_hal_pwr_ex.o
                0x0000000008006738                HAL_PWREx_EnableVddUSB
 .text.HAL_RCC_OscConfig
                0x0000000008006758      0x7b8 ./Drivers/STM32L4xx_HAL_Driver/Src/stm32l4xx_hal_rcc.o
                0x0000000008006758                HAL_RCC_OscConfig
 .text.HAL_RCC_ClockConfig
                0x0000000008006f10      0x200 ./Drivers/STM32L4xx_HAL_Driver/Src/stm32l4xx_hal_rcc.o
                0x0000000008006f10                HAL_RCC_ClockConfig
 .text.HAL_RCC_GetSysClockFreq
                0x0000000008007110      0x118 ./Drivers/STM32L4xx_HAL_Driver/Src/stm32l4xx_hal_rcc.o
                0x0000000008007110                HAL_RCC_GetSysClockFreq
 .text.HAL_RCC_GetHCLKFreq
                0x0000000008007228       0x18 ./Drivers/STM32L4xx_HAL_Driver/Src/stm32l4xx_hal_rcc.o
                0x0000000008007228                HAL_RCC_GetHCLKFreq
 .text.HAL_RCC_GetPCLK1Freq
                0x0000000008007240       0x2c ./Drivers/STM32L4xx_HAL_Driver/Src/stm32l4xx_hal_rcc.o
                0x0000000008007240                HAL_RCC_GetPCLK1Freq
 .text.HAL_RCC_GetPCLK2Freq
                0x000000000800726c       0x2c ./Drivers/STM32L4xx_HAL_Driver/Src/stm32l4xx_hal_rcc.o
                0x000000000800726c                HAL_RCC_GetPCLK2Freq
 .text.RCC_SetFlashLatencyFromMSIRange
                0x0000000008007298       0xc0 ./Drivers/STM32L4xx_HAL_Driver/Src/stm32l4xx_hal_rcc.o
 .text.HAL_RCCEx_PeriphCLKConfig
                0x0000000008007358      0x5d4 ./Drivers/STM32L4xx_HAL_Driver/Src/stm32l4xx_hal_rcc_ex.o
                0x0000000008007358                HAL_RCCEx_PeriphCLKConfig
 .text.HAL_RCCEx_EnableMSIPLLMode
                0x000000000800792c       0x20 ./Drivers/STM32L4xx_HAL_Driver/Src/stm32l4xx_hal_rcc_ex.o
                0x000000000800792c                HAL_RCCEx_EnableMSIPLLMode
 .text.RCCEx_PLLSAI1_Config
                0x000000000800794c      0x1e8 ./Drivers/STM32L4xx_HAL_Driver/Src/stm32l4xx_hal_rcc_ex.o
 .text.RCCEx_PLLSAI2_Config
                0x0000000008007b34      0x1bc ./Drivers/STM32L4xx_HAL_Driver/Src/stm32l4xx_hal_rcc_ex.o
 .text.HAL_TIM_Base_Init
                0x0000000008007cf0       0xae ./Drivers/STM32L4xx_HAL_Driver/Src/stm32l4xx_hal_tim.o
                0x0000000008007cf0                HAL_TIM_Base_Init
 *fill*         0x0000000008007d9e        0x2 
 .text.HAL_TIM_Base_Start
                0x0000000008007da0       0xd0 ./Drivers/STM32L4xx_HAL_Driver/Src/stm32l4xx_hal_tim.o
                0x0000000008007da0                HAL_TIM_Base_Start
 .text.HAL_TIM_PWM_Init
                0x0000000008007e70       0xae ./Drivers/STM32L4xx_HAL_Driver/Src/stm32l4xx_hal_tim.o
                0x0000000008007e70                HAL_TIM_PWM_Init
 .text.HAL_TIM_PWM_MspInit
                0x0000000008007f1e       0x14 ./Drivers/STM32L4xx_HAL_Driver/Src/stm32l4xx_hal_tim.o
                0x0000000008007f1e                HAL_TIM_PWM_MspInit
 *fill*         0x0000000008007f32        0x2 
 .text.HAL_TIM_PWM_Start
                0x0000000008007f34      0x20c ./Drivers/STM32L4xx_HAL_Driver/Src/stm32l4xx_hal_tim.o
                0x0000000008007f34                HAL_TIM_PWM_Start
 .text.HAL_TIM_PWM_ConfigChannel
                0x0000000008008140      0x228 ./Drivers/STM32L4xx_HAL_Driver/Src/stm32l4xx_hal_tim.o
                0x0000000008008140                HAL_TIM_PWM_ConfigChannel
 .text.HAL_TIM_ConfigClockSource
                0x0000000008008368      0x192 ./Drivers/STM32L4xx_HAL_Driver/Src/stm32l4xx_hal_tim.o
                0x0000000008008368                HAL_TIM_ConfigClockSource
 *fill*         0x00000000080084fa        0x2 
 .text.TIM_Base_SetConfig
                0x00000000080084fc      0x134 ./Drivers/STM32L4xx_HAL_Driver/Src/stm32l4xx_hal_tim.o
                0x00000000080084fc                TIM_Base_SetConfig
 .text.TIM_OC1_SetConfig
                0x0000000008008630      0x120 ./Drivers/STM32L4xx_HAL_Driver/Src/stm32l4xx_hal_tim.o
 .text.TIM_OC2_SetConfig
                0x0000000008008750      0x114 ./Drivers/STM32L4xx_HAL_Driver/Src/stm32l4xx_hal_tim.o
                0x0000000008008750                TIM_OC2_SetConfig
 .text.TIM_OC3_SetConfig
                0x0000000008008864      0x110 ./Drivers/STM32L4xx_HAL_Driver/Src/stm32l4xx_hal_tim.o
 .text.TIM_OC4_SetConfig
                0x0000000008008974       0xd4 ./Drivers/STM32L4xx_HAL_Driver/Src/stm32l4xx_hal_tim.o
 .text.TIM_OC5_SetConfig
                0x0000000008008a48       0xc8 ./Drivers/STM32L4xx_HAL_Driver/Src/stm32l4xx_hal_tim.o
 .text.TIM_OC6_SetConfig
                0x0000000008008b10       0xcc ./Drivers/STM32L4xx_HAL_Driver/Src/stm32l4xx_hal_tim.o
 .text.TIM_TI1_ConfigInputStage
                0x0000000008008bdc       0x5e ./Drivers/STM32L4xx_HAL_Driver/Src/stm32l4xx_hal_tim.o
 .text.TIM_TI2_ConfigInputStage
                0x0000000008008c3a       0x60 ./Drivers/STM32L4xx_HAL_Driver/Src/stm32l4xx_hal_tim.o
 .text.TIM_ITRx_SetConfig
                0x0000000008008c9a       0x36 ./Drivers/STM32L4xx_HAL_Driver/Src/stm32l4xx_hal_tim.o
 .text.TIM_ETR_SetConfig
                0x0000000008008cd0       0x40 ./Drivers/STM32L4xx_HAL_Driver/Src/stm32l4xx_hal_tim.o
                0x0000000008008cd0                TIM_ETR_SetConfig
 .text.TIM_CCxChannelCmd
                0x0000000008008d10       0x4a ./Drivers/STM32L4xx_HAL_Driver/Src/stm32l4xx_hal_tim.o
                0x0000000008008d10                TIM_CCxChannelCmd
 *fill*         0x0000000008008d5a        0x2 
 .text.HAL_TIMEx_MasterConfigSynchronization
                0x0000000008008d5c      0x110 ./Drivers/STM32L4xx_HAL_Driver/Src/stm32l4xx_hal_tim_ex.o
                0x0000000008008d5c                HAL_TIMEx_MasterConfigSynchronization
 .text.HAL_UART_Init
                0x0000000008008e6c       0x9c ./Drivers/STM32L4xx_HAL_Driver/Src/stm32l4xx_hal_uart.o
                0x0000000008008e6c                HAL_UART_Init
 .text.HAL_UART_Receive_DMA
                0x0000000008008f08       0x98 ./Drivers/STM32L4xx_HAL_Driver/Src/stm32l4xx_hal_uart.o
                0x0000000008008f08                HAL_UART_Receive_DMA
 .text.HAL_UART_RxHalfCpltCallback
                0x0000000008008fa0       0x14 ./Drivers/STM32L4xx_HAL_Driver/Src/stm32l4xx_hal_uart.o
                0x0000000008008fa0                HAL_UART_RxHalfCpltCallback
 .text.HAL_UART_ErrorCallback
                0x0000000008008fb4       0x14 ./Drivers/STM32L4xx_HAL_Driver/Src/stm32l4xx_hal_uart.o
                0x0000000008008fb4                HAL_UART_ErrorCallback
 .text.HAL_UARTEx_RxEventCallback
                0x0000000008008fc8       0x18 ./Drivers/STM32L4xx_HAL_Driver/Src/stm32l4xx_hal_uart.o
                0x0000000008008fc8                HAL_UARTEx_RxEventCallback
 .text.UART_SetConfig
                0x0000000008008fe0      0x570 ./Drivers/STM32L4xx_HAL_Driver/Src/stm32l4xx_hal_uart.o
                0x0000000008008fe0                UART_SetConfig
 .text.UART_AdvFeatureConfig
                0x0000000008009550      0x144 ./Drivers/STM32L4xx_HAL_Driver/Src/stm32l4xx_hal_uart.o
                0x0000000008009550                UART_AdvFeatureConfig
 .text.UART_CheckIdleState
                0x0000000008009694      0x150 ./Drivers/STM32L4xx_HAL_Driver/Src/stm32l4xx_hal_uart.o
                0x0000000008009694                UART_CheckIdleState
 .text.UART_WaitOnFlagUntilTimeout
                0x00000000080097e4       0xce ./Drivers/STM32L4xx_HAL_Driver/Src/stm32l4xx_hal_uart.o
                0x00000000080097e4                UART_WaitOnFlagUntilTimeout
 *fill*         0x00000000080098b2        0x2 
 .text.UART_Start_Receive_DMA
                0x00000000080098b4      0x140 ./Drivers/STM32L4xx_HAL_Driver/Src/stm32l4xx_hal_uart.o
                0x00000000080098b4                UART_Start_Receive_DMA
 .text.UART_EndTxTransfer
                0x00000000080099f4       0x4c ./Drivers/STM32L4xx_HAL_Driver/Src/stm32l4xx_hal_uart.o
 .text.UART_EndRxTransfer
                0x0000000008009a40       0xc8 ./Drivers/STM32L4xx_HAL_Driver/Src/stm32l4xx_hal_uart.o
 .text.UART_DMAReceiveCplt
                0x0000000008009b08      0x12c ./Drivers/STM32L4xx_HAL_Driver/Src/stm32l4xx_hal_uart.o
 .text.UART_DMARxHalfCplt
                0x0000000008009c34       0x3e ./Drivers/STM32L4xx_HAL_Driver/Src/stm32l4xx_hal_uart.o
 .text.UART_DMAError
                0x0000000008009c72       0x7e ./Drivers/STM32L4xx_HAL_Driver/Src/stm32l4xx_hal_uart.o
 .text.USB_CoreInit
                0x0000000008009cf0       0x58 ./Drivers/STM32L4xx_HAL_Driver/Src/stm32l4xx_ll_usb.o
                0x0000000008009cf0                USB_CoreInit
 .text.USB_SetTurnaroundTime
                0x0000000008009d48      0x138 ./Drivers/STM32L4xx_HAL_Driver/Src/stm32l4xx_ll_usb.o
                0x0000000008009d48                USB_SetTurnaroundTime
 .text.USB_EnableGlobalInt
                0x0000000008009e80       0x22 ./Drivers/STM32L4xx_HAL_Driver/Src/stm32l4xx_ll_usb.o
                0x0000000008009e80                USB_EnableGlobalInt
 .text.USB_DisableGlobalInt
                0x0000000008009ea2       0x22 ./Drivers/STM32L4xx_HAL_Driver/Src/stm32l4xx_ll_usb.o
                0x0000000008009ea2                USB_DisableGlobalInt
 .text.USB_SetCurrentMode
                0x0000000008009ec4       0x98 ./Drivers/STM32L4xx_HAL_Driver/Src/stm32l4xx_ll_usb.o
                0x0000000008009ec4                USB_SetCurrentMode
 .text.USB_DevInit
                0x0000000008009f5c      0x284 ./Drivers/STM32L4xx_HAL_Driver/Src/stm32l4xx_ll_usb.o
                0x0000000008009f5c                USB_DevInit
 .text.USB_FlushTxFifo
                0x000000000800a1e0       0x68 ./Drivers/STM32L4xx_HAL_Driver/Src/stm32l4xx_ll_usb.o
                0x000000000800a1e0                USB_FlushTxFifo
 .text.USB_FlushRxFifo
                0x000000000800a248       0x60 ./Drivers/STM32L4xx_HAL_Driver/Src/stm32l4xx_ll_usb.o
                0x000000000800a248                USB_FlushRxFifo
 .text.USB_SetDevSpeed
                0x000000000800a2a8       0x32 ./Drivers/STM32L4xx_HAL_Driver/Src/stm32l4xx_ll_usb.o
                0x000000000800a2a8                USB_SetDevSpeed
 .text.USB_GetDevSpeed
                0x000000000800a2da       0x3e ./Drivers/STM32L4xx_HAL_Driver/Src/stm32l4xx_ll_usb.o
                0x000000000800a2da                USB_GetDevSpeed
 .text.USB_ActivateEndpoint
                0x000000000800a318      0x10e ./Drivers/STM32L4xx_HAL_Driver/Src/stm32l4xx_ll_usb.o
                0x000000000800a318                USB_ActivateEndpoint
 *fill*         0x000000000800a426        0x2 
 .text.USB_DeactivateEndpoint
                0x000000000800a428      0x1b8 ./Drivers/STM32L4xx_HAL_Driver/Src/stm32l4xx_ll_usb.o
                0x000000000800a428                USB_DeactivateEndpoint
 .text.USB_EPStartXfer
                0x000000000800a5e0      0x464 ./Drivers/STM32L4xx_HAL_Driver/Src/stm32l4xx_ll_usb.o
                0x000000000800a5e0                USB_EPStartXfer
 .text.USB_EPStopXfer
                0x000000000800aa44      0x154 ./Drivers/STM32L4xx_HAL_Driver/Src/stm32l4xx_ll_usb.o
                0x000000000800aa44                USB_EPStopXfer
 .text.USB_WritePacket
                0x000000000800ab98       0x74 ./Drivers/STM32L4xx_HAL_Driver/Src/stm32l4xx_ll_usb.o
                0x000000000800ab98                USB_WritePacket
 .text.USB_ReadPacket
                0x000000000800ac0c       0xb0 ./Drivers/STM32L4xx_HAL_Driver/Src/stm32l4xx_ll_usb.o
                0x000000000800ac0c                USB_ReadPacket
 .text.USB_EPSetStall
                0x000000000800acbc       0xdc ./Drivers/STM32L4xx_HAL_Driver/Src/stm32l4xx_ll_usb.o
                0x000000000800acbc                USB_EPSetStall
 .text.USB_EPClearStall
                0x000000000800ad98       0xcc ./Drivers/STM32L4xx_HAL_Driver/Src/stm32l4xx_ll_usb.o
                0x000000000800ad98                USB_EPClearStall
 .text.USB_SetDevAddress
                0x000000000800ae64       0x4c ./Drivers/STM32L4xx_HAL_Driver/Src/stm32l4xx_ll_usb.o
                0x000000000800ae64                USB_SetDevAddress
 .text.USB_DevConnect
                0x000000000800aeb0       0x42 ./Drivers/STM32L4xx_HAL_Driver/Src/stm32l4xx_ll_usb.o
                0x000000000800aeb0                USB_DevConnect
 .text.USB_DevDisconnect
                0x000000000800aef2       0x42 ./Drivers/STM32L4xx_HAL_Driver/Src/stm32l4xx_ll_usb.o
                0x000000000800aef2                USB_DevDisconnect
 .text.USB_ReadInterrupts
                0x000000000800af34       0x26 ./Drivers/STM32L4xx_HAL_Driver/Src/stm32l4xx_ll_usb.o
                0x000000000800af34                USB_ReadInterrupts
 .text.USB_ReadDevAllOutEpInterrupt
                0x000000000800af5a       0x34 ./Drivers/STM32L4xx_HAL_Driver/Src/stm32l4xx_ll_usb.o
                0x000000000800af5a                USB_ReadDevAllOutEpInterrupt
 .text.USB_ReadDevAllInEpInterrupt
                0x000000000800af8e       0x34 ./Drivers/STM32L4xx_HAL_Driver/Src/stm32l4xx_ll_usb.o
                0x000000000800af8e                USB_ReadDevAllInEpInterrupt
 .text.USB_ReadDevOutEPInterrupt
                0x000000000800afc2       0x3c ./Drivers/STM32L4xx_HAL_Driver/Src/stm32l4xx_ll_usb.o
                0x000000000800afc2                USB_ReadDevOutEPInterrupt
 .text.USB_ReadDevInEPInterrupt
                0x000000000800affe       0x5c ./Drivers/STM32L4xx_HAL_Driver/Src/stm32l4xx_ll_usb.o
                0x000000000800affe                USB_ReadDevInEPInterrupt
 .text.USB_GetMode
                0x000000000800b05a       0x1c ./Drivers/STM32L4xx_HAL_Driver/Src/stm32l4xx_ll_usb.o
                0x000000000800b05a                USB_GetMode
 .text.USB_ActivateSetup
                0x000000000800b076       0x46 ./Drivers/STM32L4xx_HAL_Driver/Src/stm32l4xx_ll_usb.o
                0x000000000800b076                USB_ActivateSetup
 .text.USB_EP0_OutStart
                0x000000000800b0bc       0x90 ./Drivers/STM32L4xx_HAL_Driver/Src/stm32l4xx_ll_usb.o
                0x000000000800b0bc                USB_EP0_OutStart
 .text.USB_CoreReset
                0x000000000800b14c       0x68 ./Drivers/STM32L4xx_HAL_Driver/Src/stm32l4xx_ll_usb.o
 .text.USBD_CDC_Init
                0x000000000800b1b4      0x1f0 ./Middlewares/ST/STM32_USB_Device_Library/Class/CDC/Src/usbd_cdc.o
 .text.USBD_CDC_DeInit
                0x000000000800b3a4      0x104 ./Middlewares/ST/STM32_USB_Device_Library/Class/CDC/Src/usbd_cdc.o
 .text.USBD_CDC_Setup
                0x000000000800b4a8      0x1b8 ./Middlewares/ST/STM32_USB_Device_Library/Class/CDC/Src/usbd_cdc.o
 .text.USBD_CDC_DataIn
                0x000000000800b660       0xfe ./Middlewares/ST/STM32_USB_Device_Library/Class/CDC/Src/usbd_cdc.o
 .text.USBD_CDC_DataOut
                0x000000000800b75e       0x70 ./Middlewares/ST/STM32_USB_Device_Library/Class/CDC/Src/usbd_cdc.o
 .text.USBD_CDC_EP0_RxReady
                0x000000000800b7ce       0x76 ./Middlewares/ST/STM32_USB_Device_Library/Class/CDC/Src/usbd_cdc.o
 .text.USBD_CDC_GetFSCfgDesc
                0x000000000800b844       0x70 ./Middlewares/ST/STM32_USB_Device_Library/Class/CDC/Src/usbd_cdc.o
 .text.USBD_CDC_GetHSCfgDesc
                0x000000000800b8b4       0x70 ./Middlewares/ST/STM32_USB_Device_Library/Class/CDC/Src/usbd_cdc.o
 .text.USBD_CDC_GetOtherSpeedCfgDesc
                0x000000000800b924       0x70 ./Middlewares/ST/STM32_USB_Device_Library/Class/CDC/Src/usbd_cdc.o
 .text.USBD_CDC_GetDeviceQualifierDescriptor
                0x000000000800b994       0x20 ./Middlewares/ST/STM32_USB_Device_Library/Class/CDC/Src/usbd_cdc.o
                0x000000000800b994                USBD_CDC_GetDeviceQualifierDescriptor
 .text.USBD_CDC_RegisterInterface
                0x000000000800b9b4       0x34 ./Middlewares/ST/STM32_USB_Device_Library/Class/CDC/Src/usbd_cdc.o
                0x000000000800b9b4                USBD_CDC_RegisterInterface
 .text.USBD_CDC_SetTxBuffer
                0x000000000800b9e8       0x44 ./Middlewares/ST/STM32_USB_Device_Library/Class/CDC/Src/usbd_cdc.o
                0x000000000800b9e8                USBD_CDC_SetTxBuffer
 .text.USBD_CDC_SetRxBuffer
                0x000000000800ba2c       0x3a ./Middlewares/ST/STM32_USB_Device_Library/Class/CDC/Src/usbd_cdc.o
                0x000000000800ba2c                USBD_CDC_SetRxBuffer
 *fill*         0x000000000800ba66        0x2 
 .text.USBD_CDC_TransmitPacket
                0x000000000800ba68       0x80 ./Middlewares/ST/STM32_USB_Device_Library/Class/CDC/Src/usbd_cdc.o
                0x000000000800ba68                USBD_CDC_TransmitPacket
 .text.USBD_CDC_ReceivePacket
                0x000000000800bae8       0x6c ./Middlewares/ST/STM32_USB_Device_Library/Class/CDC/Src/usbd_cdc.o
                0x000000000800bae8                USBD_CDC_ReceivePacket
 .text.USBD_Init
                0x000000000800bb54       0x60 ./Middlewares/ST/STM32_USB_Device_Library/Core/Src/usbd_core.o
                0x000000000800bb54                USBD_Init
 .text.USBD_RegisterClass
                0x000000000800bbb4       0x6c ./Middlewares/ST/STM32_USB_Device_Library/Core/Src/usbd_core.o
                0x000000000800bbb4                USBD_RegisterClass
 .text.USBD_Start
                0x000000000800bc20       0x18 ./Middlewares/ST/STM32_USB_Device_Library/Core/Src/usbd_core.o
                0x000000000800bc20                USBD_Start
 .text.USBD_RunTestMode
                0x000000000800bc38       0x16 ./Middlewares/ST/STM32_USB_Device_Library/Core/Src/usbd_core.o
                0x000000000800bc38                USBD_RunTestMode
 .text.USBD_SetClassConfig
                0x000000000800bc4e       0x38 ./Middlewares/ST/STM32_USB_Device_Library/Core/Src/usbd_core.o
                0x000000000800bc4e                USBD_SetClassConfig
 .text.USBD_ClrClassConfig
                0x000000000800bc86       0x34 ./Middlewares/ST/STM32_USB_Device_Library/Core/Src/usbd_core.o
                0x000000000800bc86                USBD_ClrClassConfig
 .text.USBD_LL_SetupStage
                0x000000000800bcba       0xaa ./Middlewares/ST/STM32_USB_Device_Library/Core/Src/usbd_core.o
                0x000000000800bcba                USBD_LL_SetupStage
 .text.USBD_LL_DataOutStage
                0x000000000800bd64      0x166 ./Middlewares/ST/STM32_USB_Device_Library/Core/Src/usbd_core.o
                0x000000000800bd64                USBD_LL_DataOutStage
 .text.USBD_LL_DataInStage
                0x000000000800beca      0x164 ./Middlewares/ST/STM32_USB_Device_Library/Core/Src/usbd_core.o
                0x000000000800beca                USBD_LL_DataInStage
 .text.USBD_LL_Reset
                0x000000000800c02e       0xa4 ./Middlewares/ST/STM32_USB_Device_Library/Core/Src/usbd_core.o
                0x000000000800c02e                USBD_LL_Reset
 .text.USBD_LL_SetSpeed
                0x000000000800c0d2       0x20 ./Middlewares/ST/STM32_USB_Device_Library/Core/Src/usbd_core.o
                0x000000000800c0d2                USBD_LL_SetSpeed
 .text.USBD_LL_Suspend
                0x000000000800c0f2       0x38 ./Middlewares/ST/STM32_USB_Device_Library/Core/Src/usbd_core.o
                0x000000000800c0f2                USBD_LL_Suspend
 .text.USBD_LL_Resume
                0x000000000800c12a       0x30 ./Middlewares/ST/STM32_USB_Device_Library/Core/Src/usbd_core.o
                0x000000000800c12a                USBD_LL_Resume
 .text.USBD_LL_SOF
                0x000000000800c15a       0x40 ./Middlewares/ST/STM32_USB_Device_Library/Core/Src/usbd_core.o
                0x000000000800c15a                USBD_LL_SOF
 .text.USBD_LL_IsoINIncomplete
                0x000000000800c19a       0x64 ./Middlewares/ST/STM32_USB_Device_Library/Core/Src/usbd_core.o
                0x000000000800c19a                USBD_LL_IsoINIncomplete
 .text.USBD_LL_IsoOUTIncomplete
                0x000000000800c1fe       0x64 ./Middlewares/ST/STM32_USB_Device_Library/Core/Src/usbd_core.o
                0x000000000800c1fe                USBD_LL_IsoOUTIncomplete
 .text.USBD_LL_DevConnected
                0x000000000800c262       0x16 ./Middlewares/ST/STM32_USB_Device_Library/Core/Src/usbd_core.o
                0x000000000800c262                USBD_LL_DevConnected
 .text.USBD_LL_DevDisconnected
                0x000000000800c278       0x46 ./Middlewares/ST/STM32_USB_Device_Library/Core/Src/usbd_core.o
                0x000000000800c278                USBD_LL_DevDisconnected
 .text.USBD_CoreFindIF
                0x000000000800c2be       0x1a ./Middlewares/ST/STM32_USB_Device_Library/Core/Src/usbd_core.o
                0x000000000800c2be                USBD_CoreFindIF
 .text.USBD_CoreFindEP
                0x000000000800c2d8       0x1a ./Middlewares/ST/STM32_USB_Device_Library/Core/Src/usbd_core.o
                0x000000000800c2d8                USBD_CoreFindEP
 .text.USBD_GetEpDesc
                0x000000000800c2f2       0x74 ./Middlewares/ST/STM32_USB_Device_Library/Core/Src/usbd_core.o
                0x000000000800c2f2                USBD_GetEpDesc
 .text.USBD_GetNextDesc
                0x000000000800c366       0x3a ./Middlewares/ST/STM32_USB_Device_Library/Core/Src/usbd_core.o
                0x000000000800c366                USBD_GetNextDesc
 .text.SWAPBYTE
                0x000000000800c3a0       0x3c ./Middlewares/ST/STM32_USB_Device_Library/Core/Src/usbd_ctlreq.o
 .text.USBD_StdDevReq
                0x000000000800c3dc       0xe4 ./Middlewares/ST/STM32_USB_Device_Library/Core/Src/usbd_ctlreq.o
                0x000000000800c3dc                USBD_StdDevReq
 .text.USBD_StdItfReq
                0x000000000800c4c0       0xd8 ./Middlewares/ST/STM32_USB_Device_Library/Core/Src/usbd_ctlreq.o
                0x000000000800c4c0                USBD_StdItfReq
 .text.USBD_StdEPReq
                0x000000000800c598      0x33a ./Middlewares/ST/STM32_USB_Device_Library/Core/Src/usbd_ctlreq.o
                0x000000000800c598                USBD_StdEPReq
 *fill*         0x000000000800c8d2        0x2 
 .text.USBD_GetDescriptor
                0x000000000800c8d4      0x328 ./Middlewares/ST/STM32_USB_Device_Library/Core/Src/usbd_ctlreq.o
 .text.USBD_SetAddress
                0x000000000800cbfc       0x88 ./Middlewares/ST/STM32_USB_Device_Library/Core/Src/usbd_ctlreq.o
 .text.USBD_SetConfig
                0x000000000800cc84      0x154 ./Middlewares/ST/STM32_USB_Device_Library/Core/Src/usbd_ctlreq.o
 .text.USBD_GetConfig
                0x000000000800cdd8       0x6c ./Middlewares/ST/STM32_USB_Device_Library/Core/Src/usbd_ctlreq.o
 .text.USBD_GetStatus
                0x000000000800ce44       0x68 ./Middlewares/ST/STM32_USB_Device_Library/Core/Src/usbd_ctlreq.o
 .text.USBD_SetFeature
                0x000000000800ceac       0x52 ./Middlewares/ST/STM32_USB_Device_Library/Core/Src/usbd_ctlreq.o
 .text.USBD_ClrFeature
                0x000000000800cefe       0x44 ./Middlewares/ST/STM32_USB_Device_Library/Core/Src/usbd_ctlreq.o
 .text.USBD_ParseSetupRequest
                0x000000000800cf42       0x74 ./Middlewares/ST/STM32_USB_Device_Library/Core/Src/usbd_ctlreq.o
                0x000000000800cf42                USBD_ParseSetupRequest
 .text.USBD_CtlError
                0x000000000800cfb6       0x22 ./Middlewares/ST/STM32_USB_Device_Library/Core/Src/usbd_ctlreq.o
                0x000000000800cfb6                USBD_CtlError
 .text.USBD_GetString
                0x000000000800cfd8       0x8c ./Middlewares/ST/STM32_USB_Device_Library/Core/Src/usbd_ctlreq.o
                0x000000000800cfd8                USBD_GetString
 .text.USBD_GetLen
                0x000000000800d064       0x34 ./Middlewares/ST/STM32_USB_Device_Library/Core/Src/usbd_ctlreq.o
 .text.USBD_CtlSendData
                0x000000000800d098       0x36 ./Middlewares/ST/STM32_USB_Device_Library/Core/Src/usbd_ioreq.o
                0x000000000800d098                USBD_CtlSendData
 .text.USBD_CtlContinueSendData
                0x000000000800d0ce       0x22 ./Middlewares/ST/STM32_USB_Device_Library/Core/Src/usbd_ioreq.o
                0x000000000800d0ce                USBD_CtlContinueSendData
 .text.USBD_CtlPrepareRx
                0x000000000800d0f0       0x3a ./Middlewares/ST/STM32_USB_Device_Library/Core/Src/usbd_ioreq.o
                0x000000000800d0f0                USBD_CtlPrepareRx
 .text.USBD_CtlContinueRx
                0x000000000800d12a       0x22 ./Middlewares/ST/STM32_USB_Device_Library/Core/Src/usbd_ioreq.o
                0x000000000800d12a                USBD_CtlContinueRx
 .text.USBD_CtlSendStatus
                0x000000000800d14c       0x26 ./Middlewares/ST/STM32_USB_Device_Library/Core/Src/usbd_ioreq.o
                0x000000000800d14c                USBD_CtlSendStatus
 .text.USBD_CtlReceiveStatus
                0x000000000800d172       0x26 ./Middlewares/ST/STM32_USB_Device_Library/Core/Src/usbd_ioreq.o
                0x000000000800d172                USBD_CtlReceiveStatus
 .text.MX_USB_DEVICE_Init
                0x000000000800d198       0x60 ./USB_DEVICE/App/usb_device.o
                0x000000000800d198                MX_USB_DEVICE_Init
 .text.CDC_Init_FS
                0x000000000800d1f8       0x28 ./USB_DEVICE/App/usbd_cdc_if.o
 .text.CDC_DeInit_FS
                0x000000000800d220       0x10 ./USB_DEVICE/App/usbd_cdc_if.o
 .text.CDC_Control_FS
                0x000000000800d230       0xbc ./USB_DEVICE/App/usbd_cdc_if.o
 .text.CDC_Receive_FS
                0x000000000800d2ec       0x28 ./USB_DEVICE/App/usbd_cdc_if.o
 .text.CDC_Transmit_FS
                0x000000000800d314       0x4c ./USB_DEVICE/App/usbd_cdc_if.o
                0x000000000800d314                CDC_Transmit_FS
 .text.CDC_TransmitCplt_FS
                0x000000000800d360       0x22 ./USB_DEVICE/App/usbd_cdc_if.o
 *fill*         0x000000000800d382        0x2 
 .text.USBD_FS_DeviceDescriptor
                0x000000000800d384       0x24 ./USB_DEVICE/App/usbd_desc.o
                0x000000000800d384                USBD_FS_DeviceDescriptor
 .text.USBD_FS_LangIDStrDescriptor
                0x000000000800d3a8       0x24 ./USB_DEVICE/App/usbd_desc.o
                0x000000000800d3a8                USBD_FS_LangIDStrDescriptor
 .text.USBD_FS_ProductStrDescriptor
                0x000000000800d3cc       0x3c ./USB_DEVICE/App/usbd_desc.o
                0x000000000800d3cc                USBD_FS_ProductStrDescriptor
 .text.USBD_FS_ManufacturerStrDescriptor
                0x000000000800d408       0x28 ./USB_DEVICE/App/usbd_desc.o
                0x000000000800d408                USBD_FS_ManufacturerStrDescriptor
 .text.USBD_FS_SerialStrDescriptor
                0x000000000800d430       0x24 ./USB_DEVICE/App/usbd_desc.o
                0x000000000800d430                USBD_FS_SerialStrDescriptor
 .text.USBD_FS_ConfigStrDescriptor
                0x000000000800d454       0x3c ./USB_DEVICE/App/usbd_desc.o
                0x000000000800d454                USBD_FS_ConfigStrDescriptor
 .text.USBD_FS_InterfaceStrDescriptor
                0x000000000800d490       0x3c ./USB_DEVICE/App/usbd_desc.o
                0x000000000800d490                USBD_FS_InterfaceStrDescriptor
 .text.USBD_FS_USR_BOSDescriptor
                0x000000000800d4cc       0x24 ./USB_DEVICE/App/usbd_desc.o
                0x000000000800d4cc                USBD_FS_USR_BOSDescriptor
 .text.Get_SerialNum
                0x000000000800d4f0       0x58 ./USB_DEVICE/App/usbd_desc.o
 .text.IntToUnicode
                0x000000000800d548       0x7e ./USB_DEVICE/App/usbd_desc.o
 *fill*         0x000000000800d5c6        0x2 
 .text.HAL_PCD_MspInit
                0x000000000800d5c8      0x124 ./USB_DEVICE/Target/usbd_conf.o
                0x000000000800d5c8                HAL_PCD_MspInit
 .text.HAL_PCD_SetupStageCallback
                0x000000000800d6ec       0x24 ./USB_DEVICE/Target/usbd_conf.o
                0x000000000800d6ec                HAL_PCD_SetupStageCallback
 .text.HAL_PCD_DataOutStageCallback
                0x000000000800d710       0x36 ./USB_DEVICE/Target/usbd_conf.o
                0x000000000800d710                HAL_PCD_DataOutStageCallback
 .text.HAL_PCD_DataInStageCallback
                0x000000000800d746       0x34 ./USB_DEVICE/Target/usbd_conf.o
                0x000000000800d746                HAL_PCD_DataInStageCallback
 .text.HAL_PCD_SOFCallback
                0x000000000800d77a       0x1c ./USB_DEVICE/Target/usbd_conf.o
                0x000000000800d77a                HAL_PCD_SOFCallback
 .text.HAL_PCD_ResetCallback
                0x000000000800d796       0x3c ./USB_DEVICE/Target/usbd_conf.o
                0x000000000800d796                HAL_PCD_ResetCallback
 *fill*         0x000000000800d7d2        0x2 
 .text.HAL_PCD_SuspendCallback
                0x000000000800d7d4       0x4c ./USB_DEVICE/Target/usbd_conf.o
                0x000000000800d7d4                HAL_PCD_SuspendCallback
 .text.HAL_PCD_ResumeCallback
                0x000000000800d820       0x50 ./USB_DEVICE/Target/usbd_conf.o
                0x000000000800d820                HAL_PCD_ResumeCallback
 .text.HAL_PCD_ISOOUTIncompleteCallback
                0x000000000800d870       0x24 ./USB_DEVICE/Target/usbd_conf.o
                0x000000000800d870                HAL_PCD_ISOOUTIncompleteCallback
 .text.HAL_PCD_ISOINIncompleteCallback
                0x000000000800d894       0x24 ./USB_DEVICE/Target/usbd_conf.o
                0x000000000800d894                HAL_PCD_ISOINIncompleteCallback
 .text.HAL_PCD_ConnectCallback
                0x000000000800d8b8       0x1c ./USB_DEVICE/Target/usbd_conf.o
                0x000000000800d8b8                HAL_PCD_ConnectCallback
 .text.HAL_PCD_DisconnectCallback
                0x000000000800d8d4       0x1c ./USB_DEVICE/Target/usbd_conf.o
                0x000000000800d8d4                HAL_PCD_DisconnectCallback
 .text.USBD_LL_Init
                0x000000000800d8f0       0x98 ./USB_DEVICE/Target/usbd_conf.o
                0x000000000800d8f0                USBD_LL_Init
 .text.USBD_LL_Start
                0x000000000800d988       0x64 ./USB_DEVICE/Target/usbd_conf.o
                0x000000000800d988                USBD_LL_Start
 .text.USBD_LL_OpenEP
                0x000000000800d9ec       0x7c ./USB_DEVICE/Target/usbd_conf.o
                0x000000000800d9ec                USBD_LL_OpenEP
 .text.USBD_LL_CloseEP
                0x000000000800da68       0x6c ./USB_DEVICE/Target/usbd_conf.o
                0x000000000800da68                USBD_LL_CloseEP
 .text.USBD_LL_StallEP
                0x000000000800dad4       0x6c ./USB_DEVICE/Target/usbd_conf.o
                0x000000000800dad4                USBD_LL_StallEP
 .text.USBD_LL_ClearStallEP
                0x000000000800db40       0x6c ./USB_DEVICE/Target/usbd_conf.o
                0x000000000800db40                USBD_LL_ClearStallEP
 .text.USBD_LL_IsStallEP
                0x000000000800dbac       0x58 ./USB_DEVICE/Target/usbd_conf.o
                0x000000000800dbac                USBD_LL_IsStallEP
 .text.USBD_LL_SetUSBAddress
                0x000000000800dc04       0x6c ./USB_DEVICE/Target/usbd_conf.o
                0x000000000800dc04                USBD_LL_SetUSBAddress
 .text.USBD_LL_Transmit
                0x000000000800dc70       0x70 ./USB_DEVICE/Target/usbd_conf.o
                0x000000000800dc70                USBD_LL_Transmit
 .text.USBD_LL_PrepareReceive
                0x000000000800dce0       0x70 ./USB_DEVICE/Target/usbd_conf.o
                0x000000000800dce0                USBD_LL_PrepareReceive
 .text.USBD_LL_GetRxDataSize
                0x000000000800dd50       0x26 ./USB_DEVICE/Target/usbd_conf.o
                0x000000000800dd50                USBD_LL_GetRxDataSize
 *fill*         0x000000000800dd76        0x2 
 .text.HAL_PCDEx_LPM_Callback
                0x000000000800dd78       0x9c ./USB_DEVICE/Target/usbd_conf.o
                0x000000000800dd78                HAL_PCDEx_LPM_Callback
 .text.USBD_static_malloc
                0x000000000800de14       0x1c ./USB_DEVICE/Target/usbd_conf.o
                0x000000000800de14                USBD_static_malloc
 .text.USBD_static_free
                0x000000000800de30       0x14 ./USB_DEVICE/Target/usbd_conf.o
                0x000000000800de30                USBD_static_free
 .text.SystemClockConfig_Resume
                0x000000000800de44        0xc ./USB_DEVICE/Target/usbd_conf.o
 .text.__cvt    0x000000000800de50       0xc4 C:/ST/STM32CubeIDE_1.14.0/STM32CubeIDE/plugins/com.st.stm32cube.ide.mcu.externaltools.gnu-tools-for-stm32.11.3.rel1.win32_1.1.100.202309141235/tools/bin/../lib/gcc/arm-none-eabi/11.3.1/../../../../arm-none-eabi/lib/thumb/v7e-m+fp/hard\libc_nano.a(libc_a-nano-vfprintf_float.o)
                0x000000000800de50                __cvt
 .text.__exponent
                0x000000000800df14       0x7c C:/ST/STM32CubeIDE_1.14.0/STM32CubeIDE/plugins/com.st.stm32cube.ide.mcu.externaltools.gnu-tools-for-stm32.11.3.rel1.win32_1.1.100.202309141235/tools/bin/../lib/gcc/arm-none-eabi/11.3.1/../../../../arm-none-eabi/lib/thumb/v7e-m+fp/hard\libc_nano.a(libc_a-nano-vfprintf_float.o)
                0x000000000800df14                __exponent
 .text._printf_float
                0x000000000800df90      0x46c C:/ST/STM32CubeIDE_1.14.0/STM32CubeIDE/plugins/com.st.stm32cube.ide.mcu.externaltools.gnu-tools-for-stm32.11.3.rel1.win32_1.1.100.202309141235/tools/bin/../lib/gcc/arm-none-eabi/11.3.1/../../../../arm-none-eabi/lib/thumb/v7e-m+fp/hard\libc_nano.a(libc_a-nano-vfprintf_float.o)
                0x000000000800df90                _printf_float
 .text._printf_common
                0x000000000800e3fc       0xda C:/ST/STM32CubeIDE_1.14.0/STM32CubeIDE/plugins/com.st.stm32cube.ide.mcu.externaltools.gnu-tools-for-stm32.11.3.rel1.win32_1.1.100.202309141235/tools/bin/../lib/gcc/arm-none-eabi/11.3.1/../../../../arm-none-eabi/lib/thumb/v7e-m+fp/hard\libc_nano.a(libc_a-nano-vfprintf_i.o)
                0x000000000800e3fc                _printf_common
 *fill*         0x000000000800e4d6        0x2 
 .text._printf_i
                0x000000000800e4d8      0x244 C:/ST/STM32CubeIDE_1.14.0/STM32CubeIDE/plugins/com.st.stm32cube.ide.mcu.externaltools.gnu-tools-for-stm32.11.3.rel1.win32_1.1.100.202309141235/tools/bin/../lib/gcc/arm-none-eabi/11.3.1/../../../../arm-none-eabi/lib/thumb/v7e-m+fp/hard\libc_nano.a(libc_a-nano-vfprintf_i.o)
                0x000000000800e4d8                _printf_i
 .text._scanf_float
                0x000000000800e71c      0x420 C:/ST/STM32CubeIDE_1.14.0/STM32CubeIDE/plugins/com.st.stm32cube.ide.mcu.externaltools.gnu-tools-for-stm32.11.3.rel1.win32_1.1.100.202309141235/tools/bin/../lib/gcc/arm-none-eabi/11.3.1/../../../../arm-none-eabi/lib/thumb/v7e-m+fp/hard\libc_nano.a(libc_a-nano-vfscanf_float.o)
                0x000000000800e71c                _scanf_float
 .text.std      0x000000000800eb3c       0x6c C:/ST/STM32CubeIDE_1.14.0/STM32CubeIDE/plugins/com.st.stm32cube.ide.mcu.externaltools.gnu-tools-for-stm32.11.3.rel1.win32_1.1.100.202309141235/tools/bin/../lib/gcc/arm-none-eabi/11.3.1/../../../../arm-none-eabi/lib/thumb/v7e-m+fp/hard\libc_nano.a(libc_a-findfp.o)
 .text.stdio_exit_handler
                0x000000000800eba8       0x18 C:/ST/STM32CubeIDE_1.14.0/STM32CubeIDE/plugins/com.st.stm32cube.ide.mcu.externaltools.gnu-tools-for-stm32.11.3.rel1.win32_1.1.100.202309141235/tools/bin/../lib/gcc/arm-none-eabi/11.3.1/../../../../arm-none-eabi/lib/thumb/v7e-m+fp/hard\libc_nano.a(libc_a-findfp.o)
 .text.cleanup_stdio
                0x000000000800ebc0       0x40 C:/ST/STM32CubeIDE_1.14.0/STM32CubeIDE/plugins/com.st.stm32cube.ide.mcu.externaltools.gnu-tools-for-stm32.11.3.rel1.win32_1.1.100.202309141235/tools/bin/../lib/gcc/arm-none-eabi/11.3.1/../../../../arm-none-eabi/lib/thumb/v7e-m+fp/hard\libc_nano.a(libc_a-findfp.o)
 .text.global_stdio_init.part.0
                0x000000000800ec00       0x3c C:/ST/STM32CubeIDE_1.14.0/STM32CubeIDE/plugins/com.st.stm32cube.ide.mcu.externaltools.gnu-tools-for-stm32.11.3.rel1.win32_1.1.100.202309141235/tools/bin/../lib/gcc/arm-none-eabi/11.3.1/../../../../arm-none-eabi/lib/thumb/v7e-m+fp/hard\libc_nano.a(libc_a-findfp.o)
 .text.__sfp_lock_acquire
                0x000000000800ec3c        0xc C:/ST/STM32CubeIDE_1.14.0/STM32CubeIDE/plugins/com.st.stm32cube.ide.mcu.externaltools.gnu-tools-for-stm32.11.3.rel1.win32_1.1.100.202309141235/tools/bin/../lib/gcc/arm-none-eabi/11.3.1/../../../../arm-none-eabi/lib/thumb/v7e-m+fp/hard\libc_nano.a(libc_a-findfp.o)
                0x000000000800ec3c                __sfp_lock_acquire
 .text.__sfp_lock_release
                0x000000000800ec48        0xc C:/ST/STM32CubeIDE_1.14.0/STM32CubeIDE/plugins/com.st.stm32cube.ide.mcu.externaltools.gnu-tools-for-stm32.11.3.rel1.win32_1.1.100.202309141235/tools/bin/../lib/gcc/arm-none-eabi/11.3.1/../../../../arm-none-eabi/lib/thumb/v7e-m+fp/hard\libc_nano.a(libc_a-findfp.o)
                0x000000000800ec48                __sfp_lock_release
 .text.__sinit  0x000000000800ec54       0x30 C:/ST/STM32CubeIDE_1.14.0/STM32CubeIDE/plugins/com.st.stm32cube.ide.mcu.externaltools.gnu-tools-for-stm32.11.3.rel1.win32_1.1.100.202309141235/tools/bin/../lib/gcc/arm-none-eabi/11.3.1/../../../../arm-none-eabi/lib/thumb/v7e-m+fp/hard\libc_nano.a(libc_a-findfp.o)
                0x000000000800ec54                __sinit
 .text._fwalk_sglue
                0x000000000800ec84       0x3c C:/ST/STM32CubeIDE_1.14.0/STM32CubeIDE/plugins/com.st.stm32cube.ide.mcu.externaltools.gnu-tools-for-stm32.11.3.rel1.win32_1.1.100.202309141235/tools/bin/../lib/gcc/arm-none-eabi/11.3.1/../../../../arm-none-eabi/lib/thumb/v7e-m+fp/hard\libc_nano.a(libc_a-fwalk.o)
                0x000000000800ec84                _fwalk_sglue
 .text.sprintf  0x000000000800ecc0       0x40 C:/ST/STM32CubeIDE_1.14.0/STM32CubeIDE/plugins/com.st.stm32cube.ide.mcu.externaltools.gnu-tools-for-stm32.11.3.rel1.win32_1.1.100.202309141235/tools/bin/../lib/gcc/arm-none-eabi/11.3.1/../../../../arm-none-eabi/lib/thumb/v7e-m+fp/hard\libc_nano.a(libc_a-sprintf.o)
                0x000000000800ecc0                siprintf
                0x000000000800ecc0                sprintf
 .text.__sread  0x000000000800ed00       0x22 C:/ST/STM32CubeIDE_1.14.0/STM32CubeIDE/plugins/com.st.stm32cube.ide.mcu.externaltools.gnu-tools-for-stm32.11.3.rel1.win32_1.1.100.202309141235/tools/bin/../lib/gcc/arm-none-eabi/11.3.1/../../../../arm-none-eabi/lib/thumb/v7e-m+fp/hard\libc_nano.a(libc_a-stdio.o)
                0x000000000800ed00                __sread
 .text.__swrite
                0x000000000800ed22       0x38 C:/ST/STM32CubeIDE_1.14.0/STM32CubeIDE/plugins/com.st.stm32cube.ide.mcu.externaltools.gnu-tools-for-stm32.11.3.rel1.win32_1.1.100.202309141235/tools/bin/../lib/gcc/arm-none-eabi/11.3.1/../../../../arm-none-eabi/lib/thumb/v7e-m+fp/hard\libc_nano.a(libc_a-stdio.o)
                0x000000000800ed22                __swrite
 .text.__sseek  0x000000000800ed5a       0x24 C:/ST/STM32CubeIDE_1.14.0/STM32CubeIDE/plugins/com.st.stm32cube.ide.mcu.externaltools.gnu-tools-for-stm32.11.3.rel1.win32_1.1.100.202309141235/tools/bin/../lib/gcc/arm-none-eabi/11.3.1/../../../../arm-none-eabi/lib/thumb/v7e-m+fp/hard\libc_nano.a(libc_a-stdio.o)
                0x000000000800ed5a                __sseek
 .text.__sclose
                0x000000000800ed7e        0x8 C:/ST/STM32CubeIDE_1.14.0/STM32CubeIDE/plugins/com.st.stm32cube.ide.mcu.externaltools.gnu-tools-for-stm32.11.3.rel1.win32_1.1.100.202309141235/tools/bin/../lib/gcc/arm-none-eabi/11.3.1/../../../../arm-none-eabi/lib/thumb/v7e-m+fp/hard\libc_nano.a(libc_a-stdio.o)
                0x000000000800ed7e                __sclose
 .text.memset   0x000000000800ed86       0x10 C:/ST/STM32CubeIDE_1.14.0/STM32CubeIDE/plugins/com.st.stm32cube.ide.mcu.externaltools.gnu-tools-for-stm32.11.3.rel1.win32_1.1.100.202309141235/tools/bin/../lib/gcc/arm-none-eabi/11.3.1/../../../../arm-none-eabi/lib/thumb/v7e-m+fp/hard\libc_nano.a(libc_a-memset.o)
                0x000000000800ed86                memset
 *fill*         0x000000000800ed96        0x2 
 .text._localeconv_r
                0x000000000800ed98        0x8 C:/ST/STM32CubeIDE_1.14.0/STM32CubeIDE/plugins/com.st.stm32cube.ide.mcu.externaltools.gnu-tools-for-stm32.11.3.rel1.win32_1.1.100.202309141235/tools/bin/../lib/gcc/arm-none-eabi/11.3.1/../../../../arm-none-eabi/lib/thumb/v7e-m+fp/hard\libc_nano.a(libc_a-localeconv.o)
                0x000000000800ed98                _localeconv_r
 .text._close_r
                0x000000000800eda0       0x20 C:/ST/STM32CubeIDE_1.14.0/STM32CubeIDE/plugins/com.st.stm32cube.ide.mcu.externaltools.gnu-tools-for-stm32.11.3.rel1.win32_1.1.100.202309141235/tools/bin/../lib/gcc/arm-none-eabi/11.3.1/../../../../arm-none-eabi/lib/thumb/v7e-m+fp/hard\libc_nano.a(libc_a-closer.o)
                0x000000000800eda0                _close_r
 .text._lseek_r
                0x000000000800edc0       0x24 C:/ST/STM32CubeIDE_1.14.0/STM32CubeIDE/plugins/com.st.stm32cube.ide.mcu.externaltools.gnu-tools-for-stm32.11.3.rel1.win32_1.1.100.202309141235/tools/bin/../lib/gcc/arm-none-eabi/11.3.1/../../../../arm-none-eabi/lib/thumb/v7e-m+fp/hard\libc_nano.a(libc_a-lseekr.o)
                0x000000000800edc0                _lseek_r
 .text._read_r  0x000000000800ede4       0x24 C:/ST/STM32CubeIDE_1.14.0/STM32CubeIDE/plugins/com.st.stm32cube.ide.mcu.externaltools.gnu-tools-for-stm32.11.3.rel1.win32_1.1.100.202309141235/tools/bin/../lib/gcc/arm-none-eabi/11.3.1/../../../../arm-none-eabi/lib/thumb/v7e-m+fp/hard\libc_nano.a(libc_a-readr.o)
                0x000000000800ede4                _read_r
 .text._write_r
                0x000000000800ee08       0x24 C:/ST/STM32CubeIDE_1.14.0/STM32CubeIDE/plugins/com.st.stm32cube.ide.mcu.externaltools.gnu-tools-for-stm32.11.3.rel1.win32_1.1.100.202309141235/tools/bin/../lib/gcc/arm-none-eabi/11.3.1/../../../../arm-none-eabi/lib/thumb/v7e-m+fp/hard\libc_nano.a(libc_a-writer.o)
                0x000000000800ee08                _write_r
 .text.__errno  0x000000000800ee2c        0xc C:/ST/STM32CubeIDE_1.14.0/STM32CubeIDE/plugins/com.st.stm32cube.ide.mcu.externaltools.gnu-tools-for-stm32.11.3.rel1.win32_1.1.100.202309141235/tools/bin/../lib/gcc/arm-none-eabi/11.3.1/../../../../arm-none-eabi/lib/thumb/v7e-m+fp/hard\libc_nano.a(libc_a-errno.o)
                0x000000000800ee2c                __errno
 .text.__libc_init_array
                0x000000000800ee38       0x48 C:/ST/STM32CubeIDE_1.14.0/STM32CubeIDE/plugins/com.st.stm32cube.ide.mcu.externaltools.gnu-tools-for-stm32.11.3.rel1.win32_1.1.100.202309141235/tools/bin/../lib/gcc/arm-none-eabi/11.3.1/../../../../arm-none-eabi/lib/thumb/v7e-m+fp/hard\libc_nano.a(libc_a-init.o)
                0x000000000800ee38                __libc_init_array
 .text.__retarget_lock_init_recursive
                0x000000000800ee80        0x2 C:/ST/STM32CubeIDE_1.14.0/STM32CubeIDE/plugins/com.st.stm32cube.ide.mcu.externaltools.gnu-tools-for-stm32.11.3.rel1.win32_1.1.100.202309141235/tools/bin/../lib/gcc/arm-none-eabi/11.3.1/../../../../arm-none-eabi/lib/thumb/v7e-m+fp/hard\libc_nano.a(libc_a-lock.o)
                0x000000000800ee80                __retarget_lock_init_recursive
 .text.__retarget_lock_acquire_recursive
                0x000000000800ee82        0x2 C:/ST/STM32CubeIDE_1.14.0/STM32CubeIDE/plugins/com.st.stm32cube.ide.mcu.externaltools.gnu-tools-for-stm32.11.3.rel1.win32_1.1.100.202309141235/tools/bin/../lib/gcc/arm-none-eabi/11.3.1/../../../../arm-none-eabi/lib/thumb/v7e-m+fp/hard\libc_nano.a(libc_a-lock.o)
                0x000000000800ee82                __retarget_lock_acquire_recursive
 .text.__retarget_lock_release_recursive
                0x000000000800ee84        0x2 C:/ST/STM32CubeIDE_1.14.0/STM32CubeIDE/plugins/com.st.stm32cube.ide.mcu.externaltools.gnu-tools-for-stm32.11.3.rel1.win32_1.1.100.202309141235/tools/bin/../lib/gcc/arm-none-eabi/11.3.1/../../../../arm-none-eabi/lib/thumb/v7e-m+fp/hard\libc_nano.a(libc_a-lock.o)
                0x000000000800ee84                __retarget_lock_release_recursive
 *fill*         0x000000000800ee86        0x2 
 .text.nanf     0x000000000800ee88        0xc C:/ST/STM32CubeIDE_1.14.0/STM32CubeIDE/plugins/com.st.stm32cube.ide.mcu.externaltools.gnu-tools-for-stm32.11.3.rel1.win32_1.1.100.202309141235/tools/bin/../lib/gcc/arm-none-eabi/11.3.1/../../../../arm-none-eabi/lib/thumb/v7e-m+fp/hard\libc_nano.a(libm_a-sf_nan.o)
                0x000000000800ee88                nanf
 .text.quorem   0x000000000800ee94      0x110 C:/ST/STM32CubeIDE_1.14.0/STM32CubeIDE/plugins/com.st.stm32cube.ide.mcu.externaltools.gnu-tools-for-stm32.11.3.rel1.win32_1.1.100.202309141235/tools/bin/../lib/gcc/arm-none-eabi/11.3.1/../../../../arm-none-eabi/lib/thumb/v7e-m+fp/hard\libc_nano.a(libc_a-dtoa.o)
 *fill*         0x000000000800efa4        0x4 
 .text._dtoa_r  0x000000000800efa8      0xbe4 C:/ST/STM32CubeIDE_1.14.0/STM32CubeIDE/plugins/com.st.stm32cube.ide.mcu.externaltools.gnu-tools-for-stm32.11.3.rel1.win32_1.1.100.202309141235/tools/bin/../lib/gcc/arm-none-eabi/11.3.1/../../../../arm-none-eabi/lib/thumb/v7e-m+fp/hard\libc_nano.a(libc_a-dtoa.o)
                0x000000000800efa8                _dtoa_r
 .text._free_r  0x000000000800fb8c       0x98 C:/ST/STM32CubeIDE_1.14.0/STM32CubeIDE/plugins/com.st.stm32cube.ide.mcu.externaltools.gnu-tools-for-stm32.11.3.rel1.win32_1.1.100.202309141235/tools/bin/../lib/gcc/arm-none-eabi/11.3.1/../../../../arm-none-eabi/lib/thumb/v7e-m+fp/hard\libc_nano.a(libc_a-freer.o)
                0x000000000800fb8c                _free_r
 .text.malloc   0x000000000800fc24       0x10 C:/ST/STM32CubeIDE_1.14.0/STM32CubeIDE/plugins/com.st.stm32cube.ide.mcu.externaltools.gnu-tools-for-stm32.11.3.rel1.win32_1.1.100.202309141235/tools/bin/../lib/gcc/arm-none-eabi/11.3.1/../../../../arm-none-eabi/lib/thumb/v7e-m+fp/hard\libc_nano.a(libc_a-malloc.o)
                0x000000000800fc24                malloc
 .text.sbrk_aligned
                0x000000000800fc34       0x40 C:/ST/STM32CubeIDE_1.14.0/STM32CubeIDE/plugins/com.st.stm32cube.ide.mcu.externaltools.gnu-tools-for-stm32.11.3.rel1.win32_1.1.100.202309141235/tools/bin/../lib/gcc/arm-none-eabi/11.3.1/../../../../arm-none-eabi/lib/thumb/v7e-m+fp/hard\libc_nano.a(libc_a-mallocr.o)
 .text._malloc_r
                0x000000000800fc74      0x100 C:/ST/STM32CubeIDE_1.14.0/STM32CubeIDE/plugins/com.st.stm32cube.ide.mcu.externaltools.gnu-tools-for-stm32.11.3.rel1.win32_1.1.100.202309141235/tools/bin/../lib/gcc/arm-none-eabi/11.3.1/../../../../arm-none-eabi/lib/thumb/v7e-m+fp/hard\libc_nano.a(libc_a-mallocr.o)
                0x000000000800fc74                _malloc_r
 .text.__malloc_lock
                0x000000000800fd74        0xc C:/ST/STM32CubeIDE_1.14.0/STM32CubeIDE/plugins/com.st.stm32cube.ide.mcu.externaltools.gnu-tools-for-stm32.11.3.rel1.win32_1.1.100.202309141235/tools/bin/../lib/gcc/arm-none-eabi/11.3.1/../../../../arm-none-eabi/lib/thumb/v7e-m+fp/hard\libc_nano.a(libc_a-mlock.o)
                0x000000000800fd74                __malloc_lock
 .text.__malloc_unlock
                0x000000000800fd80        0xc C:/ST/STM32CubeIDE_1.14.0/STM32CubeIDE/plugins/com.st.stm32cube.ide.mcu.externaltools.gnu-tools-for-stm32.11.3.rel1.win32_1.1.100.202309141235/tools/bin/../lib/gcc/arm-none-eabi/11.3.1/../../../../arm-none-eabi/lib/thumb/v7e-m+fp/hard\libc_nano.a(libc_a-mlock.o)
                0x000000000800fd80                __malloc_unlock
 .text._Balloc  0x000000000800fd8c       0x80 C:/ST/STM32CubeIDE_1.14.0/STM32CubeIDE/plugins/com.st.stm32cube.ide.mcu.externaltools.gnu-tools-for-stm32.11.3.rel1.win32_1.1.100.202309141235/tools/bin/../lib/gcc/arm-none-eabi/11.3.1/../../../../arm-none-eabi/lib/thumb/v7e-m+fp/hard\libc_nano.a(libc_a-mprec.o)
                0x000000000800fd8c                _Balloc
 .text._Bfree   0x000000000800fe0c       0x44 C:/ST/STM32CubeIDE_1.14.0/STM32CubeIDE/plugins/com.st.stm32cube.ide.mcu.externaltools.gnu-tools-for-stm32.11.3.rel1.win32_1.1.100.202309141235/tools/bin/../lib/gcc/arm-none-eabi/11.3.1/../../../../arm-none-eabi/lib/thumb/v7e-m+fp/hard\libc_nano.a(libc_a-mprec.o)
                0x000000000800fe0c                _Bfree
 .text.__multadd
                0x000000000800fe50       0x8c C:/ST/STM32CubeIDE_1.14.0/STM32CubeIDE/plugins/com.st.stm32cube.ide.mcu.externaltools.gnu-tools-for-stm32.11.3.rel1.win32_1.1.100.202309141235/tools/bin/../lib/gcc/arm-none-eabi/11.3.1/../../../../arm-none-eabi/lib/thumb/v7e-m+fp/hard\libc_nano.a(libc_a-mprec.o)
                0x000000000800fe50                __multadd
 .text.__s2b    0x000000000800fedc       0x94 C:/ST/STM32CubeIDE_1.14.0/STM32CubeIDE/plugins/com.st.stm32cube.ide.mcu.externaltools.gnu-tools-for-stm32.11.3.rel1.win32_1.1.100.202309141235/tools/bin/../lib/gcc/arm-none-eabi/11.3.1/../../../../arm-none-eabi/lib/thumb/v7e-m+fp/hard\libc_nano.a(libc_a-mprec.o)
                0x000000000800fedc                __s2b
 .text.__hi0bits
                0x000000000800ff70       0x40 C:/ST/STM32CubeIDE_1.14.0/STM32CubeIDE/plugins/com.st.stm32cube.ide.mcu.externaltools.gnu-tools-for-stm32.11.3.rel1.win32_1.1.100.202309141235/tools/bin/../lib/gcc/arm-none-eabi/11.3.1/../../../../arm-none-eabi/lib/thumb/v7e-m+fp/hard\libc_nano.a(libc_a-mprec.o)
                0x000000000800ff70                __hi0bits
 .text.__lo0bits
                0x000000000800ffb0       0x5a C:/ST/STM32CubeIDE_1.14.0/STM32CubeIDE/plugins/com.st.stm32cube.ide.mcu.externaltools.gnu-tools-for-stm32.11.3.rel1.win32_1.1.100.202309141235/tools/bin/../lib/gcc/arm-none-eabi/11.3.1/../../../../arm-none-eabi/lib/thumb/v7e-m+fp/hard\libc_nano.a(libc_a-mprec.o)
                0x000000000800ffb0                __lo0bits
 *fill*         0x000000000801000a        0x2 
 .text.__i2b    0x000000000801000c       0x2c C:/ST/STM32CubeIDE_1.14.0/STM32CubeIDE/plugins/com.st.stm32cube.ide.mcu.externaltools.gnu-tools-for-stm32.11.3.rel1.win32_1.1.100.202309141235/tools/bin/../lib/gcc/arm-none-eabi/11.3.1/../../../../arm-none-eabi/lib/thumb/v7e-m+fp/hard\libc_nano.a(libc_a-mprec.o)
                0x000000000801000c                __i2b
 .text.__multiply
                0x0000000008010038      0x154 C:/ST/STM32CubeIDE_1.14.0/STM32CubeIDE/plugins/com.st.stm32cube.ide.mcu.externaltools.gnu-tools-for-stm32.11.3.rel1.win32_1.1.100.202309141235/tools/bin/../lib/gcc/arm-none-eabi/11.3.1/../../../../arm-none-eabi/lib/thumb/v7e-m+fp/hard\libc_nano.a(libc_a-mprec.o)
                0x0000000008010038                __multiply
 .text.__pow5mult
                0x000000000801018c       0xb4 C:/ST/STM32CubeIDE_1.14.0/STM32CubeIDE/plugins/com.st.stm32cube.ide.mcu.externaltools.gnu-tools-for-stm32.11.3.rel1.win32_1.1.100.202309141235/tools/bin/../lib/gcc/arm-none-eabi/11.3.1/../../../../arm-none-eabi/lib/thumb/v7e-m+fp/hard\libc_nano.a(libc_a-mprec.o)
                0x000000000801018c                __pow5mult
 .text.__lshift
                0x0000000008010240       0xd8 C:/ST/STM32CubeIDE_1.14.0/STM32CubeIDE/plugins/com.st.stm32cube.ide.mcu.externaltools.gnu-tools-for-stm32.11.3.rel1.win32_1.1.100.202309141235/tools/bin/../lib/gcc/arm-none-eabi/11.3.1/../../../../arm-none-eabi/lib/thumb/v7e-m+fp/hard\libc_nano.a(libc_a-mprec.o)
                0x0000000008010240                __lshift
 .text.__mcmp   0x0000000008010318       0x38 C:/ST/STM32CubeIDE_1.14.0/STM32CubeIDE/plugins/com.st.stm32cube.ide.mcu.externaltools.gnu-tools-for-stm32.11.3.rel1.win32_1.1.100.202309141235/tools/bin/../lib/gcc/arm-none-eabi/11.3.1/../../../../arm-none-eabi/lib/thumb/v7e-m+fp/hard\libc_nano.a(libc_a-mprec.o)
                0x0000000008010318                __mcmp
 .text.__mdiff  0x0000000008010350      0x114 C:/ST/STM32CubeIDE_1.14.0/STM32CubeIDE/plugins/com.st.stm32cube.ide.mcu.externaltools.gnu-tools-for-stm32.11.3.rel1.win32_1.1.100.202309141235/tools/bin/../lib/gcc/arm-none-eabi/11.3.1/../../../../arm-none-eabi/lib/thumb/v7e-m+fp/hard\libc_nano.a(libc_a-mprec.o)
                0x0000000008010350                __mdiff
 .text.__ulp    0x0000000008010464       0x4c C:/ST/STM32CubeIDE_1.14.0/STM32CubeIDE/plugins/com.st.stm32cube.ide.mcu.externaltools.gnu-tools-for-stm32.11.3.rel1.win32_1.1.100.202309141235/tools/bin/../lib/gcc/arm-none-eabi/11.3.1/../../../../arm-none-eabi/lib/thumb/v7e-m+fp/hard\libc_nano.a(libc_a-mprec.o)
                0x0000000008010464                __ulp
 .text.__b2d    0x00000000080104b0       0x94 C:/ST/STM32CubeIDE_1.14.0/STM32CubeIDE/plugins/com.st.stm32cube.ide.mcu.externaltools.gnu-tools-for-stm32.11.3.rel1.win32_1.1.100.202309141235/tools/bin/../lib/gcc/arm-none-eabi/11.3.1/../../../../arm-none-eabi/lib/thumb/v7e-m+fp/hard\libc_nano.a(libc_a-mprec.o)
                0x00000000080104b0                __b2d
 .text.__d2b    0x0000000008010544       0xb4 C:/ST/STM32CubeIDE_1.14.0/STM32CubeIDE/plugins/com.st.stm32cube.ide.mcu.externaltools.gnu-tools-for-stm32.11.3.rel1.win32_1.1.100.202309141235/tools/bin/../lib/gcc/arm-none-eabi/11.3.1/../../../../arm-none-eabi/lib/thumb/v7e-m+fp/hard\libc_nano.a(libc_a-mprec.o)
                0x0000000008010544                __d2b
 .text.__ratio  0x00000000080105f8       0x66 C:/ST/STM32CubeIDE_1.14.0/STM32CubeIDE/plugins/com.st.stm32cube.ide.mcu.externaltools.gnu-tools-for-stm32.11.3.rel1.win32_1.1.100.202309141235/tools/bin/../lib/gcc/arm-none-eabi/11.3.1/../../../../arm-none-eabi/lib/thumb/v7e-m+fp/hard\libc_nano.a(libc_a-mprec.o)
                0x00000000080105f8                __ratio
 .text.__copybits
                0x000000000801065e       0x46 C:/ST/STM32CubeIDE_1.14.0/STM32CubeIDE/plugins/com.st.stm32cube.ide.mcu.externaltools.gnu-tools-for-stm32.11.3.rel1.win32_1.1.100.202309141235/tools/bin/../lib/gcc/arm-none-eabi/11.3.1/../../../../arm-none-eabi/lib/thumb/v7e-m+fp/hard\libc_nano.a(libc_a-mprec.o)
                0x000000000801065e                __copybits
 .text.__any_on
                0x00000000080106a4       0x42 C:/ST/STM32CubeIDE_1.14.0/STM32CubeIDE/plugins/com.st.stm32cube.ide.mcu.externaltools.gnu-tools-for-stm32.11.3.rel1.win32_1.1.100.202309141235/tools/bin/../lib/gcc/arm-none-eabi/11.3.1/../../../../arm-none-eabi/lib/thumb/v7e-m+fp/hard\libc_nano.a(libc_a-mprec.o)
                0x00000000080106a4                __any_on
 .text.sulp     0x00000000080106e6       0x38 C:/ST/STM32CubeIDE_1.14.0/STM32CubeIDE/plugins/com.st.stm32cube.ide.mcu.externaltools.gnu-tools-for-stm32.11.3.rel1.win32_1.1.100.202309141235/tools/bin/../lib/gcc/arm-none-eabi/11.3.1/../../../../arm-none-eabi/lib/thumb/v7e-m+fp/hard\libc_nano.a(libc_a-strtod.o)
 *fill*         0x000000000801071e        0x2 
 .text._strtod_l
                0x0000000008010720      0xbe0 C:/ST/STM32CubeIDE_1.14.0/STM32CubeIDE/plugins/com.st.stm32cube.ide.mcu.externaltools.gnu-tools-for-stm32.11.3.rel1.win32_1.1.100.202309141235/tools/bin/../lib/gcc/arm-none-eabi/11.3.1/../../../../arm-none-eabi/lib/thumb/v7e-m+fp/hard\libc_nano.a(libc_a-strtod.o)
                0x0000000008010720                _strtod_l
 .text._strtod_r
                0x0000000008011300        0xc C:/ST/STM32CubeIDE_1.14.0/STM32CubeIDE/plugins/com.st.stm32cube.ide.mcu.externaltools.gnu-tools-for-stm32.11.3.rel1.win32_1.1.100.202309141235/tools/bin/../lib/gcc/arm-none-eabi/11.3.1/../../../../arm-none-eabi/lib/thumb/v7e-m+fp/hard\libc_nano.a(libc_a-strtod.o)
                0x0000000008011300                _strtod_r
 .text._strtol_l.constprop.0
                0x000000000801130c      0x104 C:/ST/STM32CubeIDE_1.14.0/STM32CubeIDE/plugins/com.st.stm32cube.ide.mcu.externaltools.gnu-tools-for-stm32.11.3.rel1.win32_1.1.100.202309141235/tools/bin/../lib/gcc/arm-none-eabi/11.3.1/../../../../arm-none-eabi/lib/thumb/v7e-m+fp/hard\libc_nano.a(libc_a-strtol.o)
 .text._strtol_r
                0x0000000008011410        0x4 C:/ST/STM32CubeIDE_1.14.0/STM32CubeIDE/plugins/com.st.stm32cube.ide.mcu.externaltools.gnu-tools-for-stm32.11.3.rel1.win32_1.1.100.202309141235/tools/bin/../lib/gcc/arm-none-eabi/11.3.1/../../../../arm-none-eabi/lib/thumb/v7e-m+fp/hard\libc_nano.a(libc_a-strtol.o)
                0x0000000008011410                _strtol_r
 .text.__ssputs_r
                0x0000000008011414       0xb4 C:/ST/STM32CubeIDE_1.14.0/STM32CubeIDE/plugins/com.st.stm32cube.ide.mcu.externaltools.gnu-tools-for-stm32.11.3.rel1.win32_1.1.100.202309141235/tools/bin/../lib/gcc/arm-none-eabi/11.3.1/../../../../arm-none-eabi/lib/thumb/v7e-m+fp/hard\libc_nano.a(libc_a-nano-svfprintf.o)
                0x0000000008011414                __ssputs_r
 .text._svfprintf_r